Archive member included to satisfy reference by file (symbol)

../STemWinLib/Lib\libStemWin532_CM7_GCC.a(WINDOW.o)
                              Src/Windows/WIN1DLG.o (WINDOW_SetBkColor)
../STemWinLib/Lib\libStemWin532_CM7_GCC.a(WIDGET.o)
                              ../STemWinLib/Lib\libStemWin532_CM7_GCC.a(WINDOW.o) (WIDGET_OrState)
../STemWinLib/Lib\libStemWin532_CM7_GCC.a(TEXT_CreateIndirect.o)
                              Src/Windows/WIN1DLG.o (TEXT_CreateIndirect)
../STemWinLib/Lib\libStemWin532_CM7_GCC.a(TEXT.o)
                              ../STemWinLib/Lib\libStemWin532_CM7_GCC.a(TEXT_CreateIndirect.o) (TEXT_CreateUser)
../STemWinLib/Lib\libStemWin532_CM7_GCC.a(SLIDER_CreateIndirect.o)
                              Src/Windows/WIN1DLG.o (SLIDER_CreateIndirect)
../STemWinLib/Lib\libStemWin532_CM7_GCC.a(SLIDER.o)
                              ../STemWinLib/Lib\libStemWin532_CM7_GCC.a(SLIDER_CreateIndirect.o) (SLIDER_CreateUser)
../STemWinLib/Lib\libStemWin532_CM7_GCC.a(EDIT_CreateIndirect.o)
                              Src/Windows/WIN1DLG.o (EDIT_CreateIndirect)
../STemWinLib/Lib\libStemWin532_CM7_GCC.a(EDIT.o)
                              ../STemWinLib/Lib\libStemWin532_CM7_GCC.a(EDIT_CreateIndirect.o) (EDIT_CreateUser)
../STemWinLib/Lib\libStemWin532_CM7_GCC.a(DIALOG.o)
                              ../STemWinLib/Lib\libStemWin532_CM7_GCC.a(WIDGET.o) (DIALOG_GetBkColor)
../STemWinLib/Lib\libStemWin532_CM7_GCC.a(WM__UpdateChildPositions.o)
                              ../STemWinLib/Lib\libStemWin532_CM7_GCC.a(WIDGET.o) (WM__UpdateChildPositions)
../STemWinLib/Lib\libStemWin532_CM7_GCC.a(WM__Screen2Client.o)
                              ../STemWinLib/Lib\libStemWin532_CM7_GCC.a(WIDGET.o) (WM__Screen2Client)
../STemWinLib/Lib\libStemWin532_CM7_GCC.a(WM__IsEnabled.o)
                              ../STemWinLib/Lib\libStemWin532_CM7_GCC.a(EDIT.o) (WM__IsEnabled)
../STemWinLib/Lib\libStemWin532_CM7_GCC.a(WM__IsAncestor.o)
                              ../STemWinLib/Lib\libStemWin532_CM7_GCC.a(WINDOW.o) (WM__IsAncestor)
../STemWinLib/Lib\libStemWin532_CM7_GCC.a(WM_UserData.o)
                              ../STemWinLib/Lib\libStemWin532_CM7_GCC.a(WINDOW.o) (WM__GetUserDataEx)
../STemWinLib/Lib\libStemWin532_CM7_GCC.a(WM_Timer.o)
                              ../STemWinLib/Lib\libStemWin532_CM7_GCC.a(EDIT.o) (WM_RestartTimer)
../STemWinLib/Lib\libStemWin532_CM7_GCC.a(WM_Show.o)
                              ../STemWinLib/Lib\libStemWin532_CM7_GCC.a(DIALOG.o) (WM_ShowWindow)
../STemWinLib/Lib\libStemWin532_CM7_GCC.a(WM_SetUserClipRect.o)
                              ../STemWinLib/Lib\libStemWin532_CM7_GCC.a(EDIT.o) (WM_SetUserClipRect)
../STemWinLib/Lib\libStemWin532_CM7_GCC.a(WM_SetTrans.o)
                              ../STemWinLib/Lib\libStemWin532_CM7_GCC.a(TEXT.o) (WM_GetHasTrans)
../STemWinLib/Lib\libStemWin532_CM7_GCC.a(WM_SetScrollState.o)
                              ../STemWinLib/Lib\libStemWin532_CM7_GCC.a(WIDGET.o) (WM_SetScrollState)
../STemWinLib/Lib\libStemWin532_CM7_GCC.a(WM_SetFocusOnPrevChild.o)
                              ../STemWinLib/Lib\libStemWin532_CM7_GCC.a(WINDOW.o) (WM_SetFocusOnPrevChild)
../STemWinLib/Lib\libStemWin532_CM7_GCC.a(WM_SetFocusOnNextChild.o)
                              ../STemWinLib/Lib\libStemWin532_CM7_GCC.a(WINDOW.o) (WM_SetFocusOnNextChild)
../STemWinLib/Lib\libStemWin532_CM7_GCC.a(WM_SetFocus.o)
                              ../STemWinLib/Lib\libStemWin532_CM7_GCC.a(WINDOW.o) (WM_SetFocus)
../STemWinLib/Lib\libStemWin532_CM7_GCC.a(WM_SetCapture.o)
                              ../STemWinLib/Lib\libStemWin532_CM7_GCC.a(SLIDER.o) (WM_SetCapture)
../STemWinLib/Lib\libStemWin532_CM7_GCC.a(WM_SendMessageNoPara.o)
                              ../STemWinLib/Lib\libStemWin532_CM7_GCC.a(DIALOG.o) (WM_SendMessageNoPara)
../STemWinLib/Lib\libStemWin532_CM7_GCC.a(WM_ResizeWindow.o)
                              ../STemWinLib/Lib\libStemWin532_CM7_GCC.a(WM__UpdateChildPositions.o) (WM_ResizeWindow)
../STemWinLib/Lib\libStemWin532_CM7_GCC.a(WM_NotifyParent.o)
                              ../STemWinLib/Lib\libStemWin532_CM7_GCC.a(WIDGET.o) (WM_NotifyParent)
../STemWinLib/Lib\libStemWin532_CM7_GCC.a(WM_Move.o)
                              ../STemWinLib/Lib\libStemWin532_CM7_GCC.a(WM__UpdateChildPositions.o) (WM_MoveWindow)
../STemWinLib/Lib\libStemWin532_CM7_GCC.a(WM_IsWindow.o)
                              ../STemWinLib/Lib\libStemWin532_CM7_GCC.a(WINDOW.o) (WM_IsWindow)
../STemWinLib/Lib\libStemWin532_CM7_GCC.a(WM_IsFocussable.o)
                              ../STemWinLib/Lib\libStemWin532_CM7_GCC.a(SLIDER.o) (WM_IsFocussable)
../STemWinLib/Lib\libStemWin532_CM7_GCC.a(WM_HasFocus.o)
                              ../STemWinLib/Lib\libStemWin532_CM7_GCC.a(WINDOW.o) (WM_HasFocus)
../STemWinLib/Lib\libStemWin532_CM7_GCC.a(WM_GetWindowSize.o)
                              ../STemWinLib/Lib\libStemWin532_CM7_GCC.a(WIDGET.o) (WM_GetWindowSizeX)
[...]
Memory Configuration

Name             Origin             Length             Attributes
RAM              0x0000000020000000 0x0000000000050000 xrw
FLASH            0x0000000008000000 0x0000000000100000 xr
*default*        0x0000000000000000 0xffffffffffffffff

Linker script and memory map

LOAD c:/st/stm32cubeide_1.3.0/stm32cubeide/plugins/com.st.stm32cube.ide.mcu.externaltools.gnu-tools-for-stm32.7-2018-q2-update.win32_1.0.0.201904181610/tools/bin/../lib/gcc/arm-none-eabi/7.3.1/thumb/v7e-m/fpv4-sp/hard/crti.o
LOAD c:/st/stm32cubeide_1.3.0/stm32cubeide/plugins/com.st.stm32cube.ide.mcu.externaltools.gnu-tools-for-stm32.7-2018-q2-update.win32_1.0.0.201904181610/tools/bin/../lib/gcc/arm-none-eabi/7.3.1/thumb/v7e-m/fpv4-sp/hard/crtbegin.o
LOAD c:/st/stm32cubeide_1.3.0/stm32cubeide/plugins/com.st.stm32cube.ide.mcu.externaltools.gnu-tools-for-stm32.7-2018-q2-update.win32_1.0.0.201904181610/tools/bin/../lib/gcc/arm-none-eabi/7.3.1/../../../../arm-none-eabi/lib/thumb/v7e-m/fpv4-sp/hard/crt0.o
LOAD Drivers/STM32F7xx_HAL_Driver/Src/stm32f7xx_hal.o
LOAD Drivers/STM32F7xx_HAL_Driver/Src/stm32f7xx_hal_adc.o
LOAD Drivers/STM32F7xx_HAL_Driver/Src/stm32f7xx_hal_adc_ex.o
LOAD Drivers/STM32F7xx_HAL_Driver/Src/stm32f7xx_hal_cortex.o
LOAD Drivers/STM32F7xx_HAL_Driver/Src/stm32f7xx_hal_dma.o
LOAD Drivers/STM32F7xx_HAL_Driver/Src/stm32f7xx_hal_dma_ex.o
LOAD Drivers/STM32F7xx_HAL_Driver/Src/stm32f7xx_hal_exti.o
LOAD Drivers/STM32F7xx_HAL_Driver/Src/stm32f7xx_hal_flash.o
LOAD Drivers/STM32F7xx_HAL_Driver/Src/stm32f7xx_hal_flash_ex.o
LOAD Drivers/STM32F7xx_HAL_Driver/Src/stm32f7xx_hal_gpio.o
LOAD Drivers/STM32F7xx_HAL_Driver/Src/stm32f7xx_hal_i2c.o
LOAD Drivers/STM32F7xx_HAL_Driver/Src/stm32f7xx_hal_i2c_ex.o
LOAD Drivers/STM32F7xx_HAL_Driver/Src/stm32f7xx_hal_pwr.o
LOAD Drivers/STM32F7xx_HAL_Driver/Src/stm32f7xx_hal_pwr_ex.o
LOAD Drivers/STM32F7xx_HAL_Driver/Src/stm32f7xx_hal_rcc.o
LOAD Drivers/STM32F7xx_HAL_Driver/Src/stm32f7xx_hal_rcc_ex.o
LOAD Drivers/STM32F7xx_HAL_Driver/Src/stm32f7xx_hal_rtc.o
LOAD Drivers/STM32F7xx_HAL_Driver/Src/stm32f7xx_hal_rtc_ex.o
LOAD Drivers/STM32F7xx_HAL_Driver/Src/stm32f7xx_hal_tim.o
LOAD Drivers/STM32F7xx_HAL_Driver/Src/stm32f7xx_hal_tim_ex.o
LOAD Drivers/Sors/SSD1963.o
LOAD Drivers/Sors/STMPE610.o
LOAD Src/GUIConf.o
LOAD Src/GUI_X.o
LOAD Src/LCDConf.o
LOAD Src/main.o
LOAD Src/stm32f7xx_hal_msp.o
LOAD Src/stm32f7xx_it.o
LOAD Src/syscalls.o
LOAD Src/sysmem.o
LOAD Src/system_stm32f7xx.o
LOAD Src/Windows/WIN1DLG.o
LOAD Startup/startup_stm32f746zgtx.o
LOAD ../STemWinLib/Lib\libStemWin532_CM7_GCC.a
START GROUP
LOAD c:/st/stm32cubeide_1.3.0/stm32cubeide/plugins/com.st.stm32cube.ide.mcu.externaltools.gnu-tools-for-stm32.7-2018-q2-update.win32_1.0.0.201904181610/tools/bin/../lib/gcc/arm-none-eabi/7.3.1/../../../../arm-none-eabi/lib/thumb/v7e-m/fpv4-sp/hard\libc_nano.a
LOAD c:/st/stm32cubeide_1.3.0/stm32cubeide/plugins/com.st.stm32cube.ide.mcu.externaltools.gnu-tools-for-stm32.7-2018-q2-update.win32_1.0.0.201904181610/tools/bin/../lib/gcc/arm-none-eabi/7.3.1/../../../../arm-none-eabi/lib/thumb/v7e-m/fpv4-sp/hard\libm.a
END GROUP
START GROUP
LOAD c:/st/stm32cubeide_1.3.0/stm32cubeide/plugins/com.st.stm32cube.ide.mcu.externaltools.gnu-tools-for-stm32.7-2018-q2-update.win32_1.0.0.201904181610/tools/bin/../lib/gcc/arm-none-eabi/7.3.1/thumb/v7e-m/fpv4-sp/hard\libgcc.a
LOAD c:/st/stm32cubeide_1.3.0/stm32cubeide/plugins/com.st.stm32cube.ide.mcu.externaltools.gnu-tools-for-stm32.7-2018-q2-update.win32_1.0.0.201904181610/tools/bin/../lib/gcc/arm-none-eabi/7.3.1/../../../../arm-none-eabi/lib/thumb/v7e-m/fpv4-sp/hard\libc_nano.a
END GROUP
START GROUP
LOAD c:/st/stm32cubeide_1.3.0/stm32cubeide/plugins/com.st.stm32cube.ide.mcu.externaltools.gnu-tools-for-stm32.7-2018-q2-update.win32_1.0.0.201904181610/tools/bin/../lib/gcc/arm-none-eabi/7.3.1/thumb/v7e-m/fpv4-sp/hard\libgcc.a
LOAD c:/st/stm32cubeide_1.3.0/stm32cubeide/plugins/com.st.stm32cube.ide.mcu.externaltools.gnu-tools-for-stm32.7-2018-q2-update.win32_1.0.0.201904181610/tools/bin/../lib/gcc/arm-none-eabi/7.3.1/../../../../arm-none-eabi/lib/thumb/v7e-m/fpv4-sp/hard\libc_nano.a
LOAD c:/st/stm32cubeide_1.3.0/stm32cubeide/plugins/com.st.stm32cube.ide.mcu.externaltools.gnu-tools-for-stm32.7-2018-q2-update.win32_1.0.0.201904181610/tools/bin/../lib/gcc/arm-none-eabi/7.3.1/../../../../arm-none-eabi/lib/thumb/v7e-m/fpv4-sp/hard\libnosys.a
END GROUP
START GROUP
LOAD c:/st/stm32cubeide_1.3.0/stm32cubeide/plugins/com.st.stm32cube.ide.mcu.externaltools.gnu-tools-for-stm32.7-2018-q2-update.win32_1.0.0.201904181610/tools/bin/../lib/gcc/arm-none-eabi/7.3.1/thumb/v7e-m/fpv4-sp/hard\libgcc.a
LOAD c:/st/stm32cubeide_1.3.0/stm32cubeide/plugins/com.st.stm32cube.ide.mcu.externaltools.gnu-tools-for-stm32.7-2018-q2-update.win32_1.0.0.201904181610/tools/bin/../lib/gcc/arm-none-eabi/7.3.1/../../../../arm-none-eabi/lib/thumb/v7e-m/fpv4-sp/hard\libc_nano.a
LOAD c:/st/stm32cubeide_1.3.0/stm32cubeide/plugins/com.st.stm32cube.ide.mcu.externaltools.gnu-tools-for-stm32.7-2018-q2-update.win32_1.0.0.201904181610/tools/bin/../lib/gcc/arm-none-eabi/7.3.1/../../../../arm-none-eabi/lib/thumb/v7e-m/fpv4-sp/hard\libnosys.a
END GROUP
LOAD c:/st/stm32cubeide_1.3.0/stm32cubeide/plugins/com.st.stm32cube.ide.mcu.externaltools.gnu-tools-for-stm32.7-2018-q2-update.win32_1.0.0.201904181610/tools/bin/../lib/gcc/arm-none-eabi/7.3.1/thumb/v7e-m/fpv4-sp/hard/crtend.o
LOAD c:/st/stm32cubeide_1.3.0/stm32cubeide/plugins/com.st.stm32cube.ide.mcu.externaltools.gnu-tools-for-stm32.7-2018-q2-update.win32_1.0.0.201904181610/tools/bin/../lib/gcc/arm-none-eabi/7.3.1/thumb/v7e-m/fpv4-sp/hard/crtn.o
                0x0000000020050000                _estack = (ORIGIN (RAM) + LENGTH (RAM))
                0x0000000000000200                _Min_Heap_Size = 0x200
                0x0000000000000400                _Min_Stack_Size = 0x400

.isr_vector     0x0000000008000000      0x1c8
                0x0000000008000000                . = ALIGN (0x4)
 *(.isr_vector)
 .isr_vector    0x0000000008000000      0x1c8 Startup/startup_stm32f746zgtx.o
                0x0000000008000000                g_pfnVectors
                0x00000000080001c8                . = ALIGN (0x4)

.text           0x00000000080001d0     0xf334
                0x00000000080001d0                . = ALIGN (0x4)
 *(.text)
 .text          0x00000000080001d0       0x40 c:/st/stm32cubeide_1.3.0/stm32cubeide/plugins/com.st.stm32cube.ide.mcu.externaltools.gnu-tools-for-stm32.7-2018-q2-update.win32_1.0.0.201904181610/tools/bin/../lib/gcc/arm-none-eabi/7.3.1/thumb/v7e-m/fpv4-sp/hard/crtbegin.o
 .text          0x0000000008000210       0xa0 c:/st/stm32cubeide_1.3.0/stm32cubeide/plugins/com.st.stm32cube.ide.mcu.externaltools.gnu-tools-for-stm32.7-2018-q2-update.win32_1.0.0.201904181610/tools/bin/../lib/gcc/arm-none-eabi/7.3.1/../../../../arm-none-eabi/lib/thumb/v7e-m/fpv4-sp/hard\libc_nano.a(lib_a-memchr.o)
                0x0000000008000210                memchr
 .text          0x00000000080002b0      0x378 c:/st/stm32cubeide_1.3.0/stm32cubeide/plugins/com.st.stm32cube.ide.mcu.externaltools.gnu-tools-for-stm32.7-2018-q2-update.win32_1.0.0.201904181610/tools/bin/../lib/gcc/arm-none-eabi/7.3.1/thumb/v7e-m/fpv4-sp/hard\libgcc.a(_arm_addsubdf3.o)
                0x00000000080002b0                __aeabi_drsub
                0x00000000080002b8                __aeabi_dsub
                0x00000000080002b8                __subdf3
                0x00000000080002bc                __aeabi_dadd
                0x00000000080002bc                __adddf3
                0x0000000008000534                __floatunsidf
                0x0000000008000534                __aeabi_ui2d
                0x0000000008000554                __floatsidf
                0x0000000008000554                __aeabi_i2d
                0x0000000008000578                __aeabi_f2d
                0x0000000008000578                __extendsfdf2
                0x00000000080005bc                __floatundidf
                0x00000000080005bc                __aeabi_ul2d
                0x00000000080005cc                __floatdidf
                0x00000000080005cc                __aeabi_l2d
 .text          0x0000000008000628      0x424 c:/st/stm32cubeide_1.3.0/stm32cubeide/plugins/com.st.stm32cube.ide.mcu.externaltools.gnu-tools-for-stm32.7-2018-q2-update.win32_1.0.0.201904181610/tools/bin/../lib/gcc/arm-none-eabi/7.3.1/thumb/v7e-m/fpv4-sp/hard\libgcc.a(_arm_muldivdf3.o)
                0x0000000008000628                __aeabi_dmul
                0x0000000008000628                __muldf3
                0x000000000800087c                __divdf3
                0x000000000800087c                __aeabi_ddiv
 .text          0x0000000008000a4c      0x110 c:/st/stm32cubeide_1.3.0/stm32cubeide/plugins/com.st.stm32cube.ide.mcu.externaltools.gnu-tools-for-stm32.7-2018-q2-update.win32_1.0.0.201904181610/tools/bin/../lib/gcc/arm-none-eabi/7.3.1/thumb/v7e-m/fpv4-sp/hard\libgcc.a(_arm_cmpdf2.o)
                0x0000000008000a4c                __gtdf2
                0x0000000008000a4c                __gedf2
                0x0000000008000a54                __ltdf2
                0x0000000008000a54                __ledf2
                0x0000000008000a5c                __nedf2
                0x0000000008000a5c                __eqdf2
                0x0000000008000a5c                __cmpdf2
                0x0000000008000ad8                __aeabi_cdrcmple
                0x0000000008000ae8                __aeabi_cdcmpeq
                0x0000000008000ae8                __aeabi_cdcmple
                0x0000000008000af8                __aeabi_dcmpeq
                0x0000000008000b0c                __aeabi_dcmplt
                0x0000000008000b20                __aeabi_dcmple
                0x0000000008000b34                __aeabi_dcmpge
                0x0000000008000b48                __aeabi_dcmpgt
 .text          0x0000000008000b5c       0x50 c:/st/stm32cubeide_1.3.0/stm32cubeide/plugins/com.st.stm32cube.ide.mcu.externaltools.gnu-tools-for-stm32.7-2018-q2-update.win32_1.0.0.201904181610/tools/bin/../lib/gcc/arm-none-eabi/7.3.1/thumb/v7e-m/fpv4-sp/hard\libgcc.a(_arm_fixdfsi.o)
                0x0000000008000b5c                __aeabi_d2iz
                0x0000000008000b5c                __fixdfsi
 .text          0x0000000008000bac       0xa0 c:/st/stm32cubeide_1.3.0/stm32cubeide/plugins/com.st.stm32cube.ide.mcu.externaltools.gnu-tools-for-stm32.7-2018-q2-update.win32_1.0.0.201904181610/tools/bin/../lib/gcc/arm-none-eabi/7.3.1/thumb/v7e-m/fpv4-sp/hard\libgcc.a(_arm_truncdfsf2.o)
                0x0000000008000bac                __truncdfsf2
                0x0000000008000bac                __aeabi_d2f
 .text          0x0000000008000c4c       0x30 c:/st/stm32cubeide_1.3.0/stm32cubeide/plugins/com.st.stm32cube.ide.mcu.externaltools.gnu-tools-for-stm32.7-2018-q2-update.win32_1.0.0.201904181610/tools/bin/../lib/gcc/arm-none-eabi/7.3.1/thumb/v7e-m/fpv4-sp/hard\libgcc.a(_aeabi_uldivmod.o)
                0x0000000008000c4c                __aeabi_uldivmod
 .text          0x0000000008000c7c      0x2cc c:/st/stm32cubeide_1.3.0/stm32cubeide/plugins/com.st.stm32cube.ide.mcu.externaltools.gnu-tools-for-stm32.7-2018-q2-update.win32_1.0.0.201904181610/tools/bin/../lib/gcc/arm-none-eabi/7.3.1/thumb/v7e-m/fpv4-sp/hard\libgcc.a(_udivmoddi4.o)
                0x0000000008000c7c                __udivmoddi4
 .text          0x0000000008000f48        0x4 c:/st/stm32cubeide_1.3.0/stm32cubeide/plugins/com.st.stm32cube.ide.mcu.externaltools.gnu-tools-for-stm32.7-2018-q2-update.win32_1.0.0.201904181610/tools/bin/../lib/gcc/arm-none-eabi/7.3.1/thumb/v7e-m/fpv4-sp/hard\libgcc.a(_dvmd_tls.o)
                0x0000000008000f48                __aeabi_idiv0
                0x0000000008000f48                __aeabi_ldiv0
 *(.text*)
 .text.HAL_InitTick
                0x0000000008000f4c       0x48 Drivers/STM32F7xx_HAL_Driver/Src/stm32f7xx_hal.o
                0x0000000008000f4c                HAL_InitTick
 .text.HAL_Init
                0x0000000008000f94       0x18 Drivers/STM32F7xx_HAL_Driver/Src/stm32f7xx_hal.o
                0x0000000008000f94                HAL_Init
 .text.HAL_IncTick
                0x0000000008000fac       0x18 Drivers/STM32F7xx_HAL_Driver/Src/stm32f7xx_hal.o
                0x0000000008000fac                HAL_IncTick
 .text.HAL_GetTick
                0x0000000008000fc4        0xc Drivers/STM32F7xx_HAL_Driver/Src/stm32f7xx_hal.o
                0x0000000008000fc4                HAL_GetTick
 .text.HAL_Delay
                0x0000000008000fd0       0x24 Drivers/STM32F7xx_HAL_Driver/Src/stm32f7xx_hal.o
                0x0000000008000fd0                HAL_Delay
 .text.HAL_ADC_Init
                0x0000000008000ff4      0x16c Drivers/STM32F7xx_HAL_Driver/Src/stm32f7xx_hal_adc.o
                0x0000000008000ff4                HAL_ADC_Init
 .text.HAL_ADC_Start_DMA
                0x0000000008001160      0x164 Drivers/STM32F7xx_HAL_Driver/Src/stm32f7xx_hal_adc.o
                0x0000000008001160                HAL_ADC_Start_DMA
 .text.HAL_ADC_ConvHalfCpltCallback
                0x00000000080012c4        0x4 Drivers/STM32F7xx_HAL_Driver/Src/stm32f7xx_hal_adc.o
                0x00000000080012c4                HAL_ADC_ConvHalfCpltCallback
 .text.ADC_DMAHalfConvCplt
                0x00000000080012c8        0xc Drivers/STM32F7xx_HAL_Driver/Src/stm32f7xx_hal_adc.o
 .text.HAL_ADC_ErrorCallback
                0x00000000080012d4        0x4 Drivers/STM32F7xx_HAL_Driver/Src/stm32f7xx_hal_adc.o
                0x00000000080012d4                HAL_ADC_ErrorCallback
 .text.ADC_DMAError
                0x00000000080012d8       0x18 Drivers/STM32F7xx_HAL_Driver/Src/stm32f7xx_hal_adc.o
 .text.ADC_DMAConvCplt
                0x00000000080012f0       0x6c Drivers/STM32F7xx_HAL_Driver/Src/stm32f7xx_hal_adc.o
 .text.HAL_ADC_ConfigChannel
                0x000000000800135c      0x180 Drivers/STM32F7xx_HAL_Driver/Src/stm32f7xx_hal_adc.o
                0x000000000800135c                HAL_ADC_ConfigChannel
 .text.HAL_NVIC_SetPriorityGrouping
                0x00000000080014dc       0x28 Drivers/STM32F7xx_HAL_Driver/Src/stm32f7xx_hal_cortex.o
                0x00000000080014dc                HAL_NVIC_SetPriorityGrouping
 .text.HAL_NVIC_SetPriority
                0x0000000008001504       0x6c Drivers/STM32F7xx_HAL_Driver/Src/stm32f7xx_hal_cortex.o
                0x0000000008001504                HAL_NVIC_SetPriority
 .text.HAL_NVIC_EnableIRQ
                0x0000000008001570       0x1c Drivers/STM32F7xx_HAL_Driver/Src/stm32f7xx_hal_cortex.o
                0x0000000008001570                HAL_NVIC_EnableIRQ
 .text.HAL_SYSTICK_Config
                0x000000000800158c       0x30 Drivers/STM32F7xx_HAL_Driver/Src/stm32f7xx_hal_cortex.o
                0x000000000800158c                HAL_SYSTICK_Config
 .text.HAL_SYSTICK_IRQHandler
                0x00000000080015bc        0x8 Drivers/STM32F7xx_HAL_Driver/Src/stm32f7xx_hal_cortex.o
                0x00000000080015bc                HAL_SYSTICK_IRQHandler
 .text.HAL_DMA_Init
                0x00000000080015c4      0x138 Drivers/STM32F7xx_HAL_Driver/Src/stm32f7xx_hal_dma.o
                0x00000000080015c4                HAL_DMA_Init
 .text.HAL_DMA_Start_IT
                0x00000000080016fc       0x8c Drivers/STM32F7xx_HAL_Driver/Src/stm32f7xx_hal_dma.o
                0x00000000080016fc                HAL_DMA_Start_IT
 .text.HAL_DMA_IRQHandler
                0x0000000008001788      0x1ac Drivers/STM32F7xx_HAL_Driver/Src/stm32f7xx_hal_dma.o
                0x0000000008001788                HAL_DMA_IRQHandler
 .text.HAL_GPIO_Init
                0x0000000008001934      0x20c Drivers/STM32F7xx_HAL_Driver/Src/stm32f7xx_hal_gpio.o
                0x0000000008001934                HAL_GPIO_Init
 .text.HAL_GPIO_WritePin
                0x0000000008001b40        0x8 Drivers/STM32F7xx_HAL_Driver/Src/stm32f7xx_hal_gpio.o
                0x0000000008001b40                HAL_GPIO_WritePin
 .text.I2C_WaitOnTXISFlagUntilTimeout
                0x0000000008001b48       0xb8 Drivers/STM32F7xx_HAL_Driver/Src/stm32f7xx_hal_i2c.o
 .text.I2C_WaitOnSTOPFlagUntilTimeout
                0x0000000008001c00       0xac Drivers/STM32F7xx_HAL_Driver/Src/stm32f7xx_hal_i2c.o
 .text.HAL_I2C_Init
                0x0000000008001cac       0xa8 Drivers/STM32F7xx_HAL_Driver/Src/stm32f7xx_hal_i2c.o
                0x0000000008001cac                HAL_I2C_Init
 .text.HAL_I2C_Master_Transmit
                0x0000000008001d54      0x1a0 Drivers/STM32F7xx_HAL_Driver/Src/stm32f7xx_hal_i2c.o
                0x0000000008001d54                HAL_I2C_Master_Transmit
 .text.HAL_I2CEx_ConfigAnalogFilter
                0x0000000008001ef4       0x54 Drivers/STM32F7xx_HAL_Driver/Src/stm32f7xx_hal_i2c_ex.o
                0x0000000008001ef4                HAL_I2CEx_ConfigAnalogFilter
 .text.HAL_I2CEx_ConfigDigitalFilter
                0x0000000008001f48       0x54 Drivers/STM32F7xx_HAL_Driver/Src/stm32f7xx_hal_i2c_ex.o
                0x0000000008001f48                HAL_I2CEx_ConfigDigitalFilter
 .text.HAL_PWR_EnableBkUpAccess
                0x0000000008001f9c       0x10 Drivers/STM32F7xx_HAL_Driver/Src/stm32f7xx_hal_pwr.o
                0x0000000008001f9c                HAL_PWR_EnableBkUpAccess
 .text.HAL_PWREx_EnableOverDrive
                0x0000000008001fac       0x78 Drivers/STM32F7xx_HAL_Driver/Src/stm32f7xx_hal_pwr_ex.o
                0x0000000008001fac                HAL_PWREx_EnableOverDrive
 .text.HAL_RCC_OscConfig
                0x0000000008002024      0x3f4 Drivers/STM32F7xx_HAL_Driver/Src/stm32f7xx_hal_rcc.o
                0x0000000008002024                HAL_RCC_OscConfig
 .text.HAL_RCC_ClockConfig
                0x0000000008002418      0x198 Drivers/STM32F7xx_HAL_Driver/Src/stm32f7xx_hal_rcc.o
                0x0000000008002418                HAL_RCC_ClockConfig
 .text.HAL_RCCEx_PeriphCLKConfig
                0x00000000080025b0      0x528 Drivers/STM32F7xx_HAL_Driver/Src/stm32f7xx_hal_rcc_ex.o
                0x00000000080025b0                HAL_RCCEx_PeriphCLKConfig
 .text.HAL_RTC_Init
                0x0000000008002ad8       0xdc Drivers/STM32F7xx_HAL_Driver/Src/stm32f7xx_hal_rtc.o
                0x0000000008002ad8                HAL_RTC_Init
 .text.HAL_RTC_SetTime
                0x0000000008002bb4      0x168 Drivers/STM32F7xx_HAL_Driver/Src/stm32f7xx_hal_rtc.o
                0x0000000008002bb4                HAL_RTC_SetTime
 .text.HAL_RTC_GetTime
                0x0000000008002d1c       0x6c Drivers/STM32F7xx_HAL_Driver/Src/stm32f7xx_hal_rtc.o
                0x0000000008002d1c                HAL_RTC_GetTime
 .text.HAL_RTC_SetDate
                0x0000000008002d88      0x134 Drivers/STM32F7xx_HAL_Driver/Src/stm32f7xx_hal_rtc.o
                0x0000000008002d88                HAL_RTC_SetDate
 .text.HAL_RTC_GetDate
                0x0000000008002ebc       0x60 Drivers/STM32F7xx_HAL_Driver/Src/stm32f7xx_hal_rtc.o
                0x0000000008002ebc                HAL_RTC_GetDate
 .text.Init_LCD_GPIO
                0x0000000008002f1c       0xf0 Drivers/Sors/SSD1963.o
                0x0000000008002f1c                Init_LCD_GPIO
 .text.SSD1963_WriteCommand
                0x000000000800300c       0x54 Drivers/Sors/SSD1963.o
                0x000000000800300c                SSD1963_WriteCommand
 .text.SSD1963_WriteData
                0x0000000008003060       0x54 Drivers/Sors/SSD1963.o
                0x0000000008003060                SSD1963_WriteData
 .text.SSD1963_WriteDataMultiple
                0x00000000080030b4       0x78 Drivers/Sors/SSD1963.o
                0x00000000080030b4                SSD1963_WriteDataMultiple
 .text.SSD1963_Init
                0x000000000800312c      0x6c8 Drivers/Sors/SSD1963.o
                0x000000000800312c                SSD1963_Init
 .text.Init_TOUCH_GPIO
                0x00000000080037f4       0x24 Drivers/Sors/STMPE610.o
                0x00000000080037f4                Init_TOUCH_GPIO
 .text.STMPE610_Init
                0x0000000008003818      0x218 Drivers/Sors/STMPE610.o
                0x0000000008003818                STMPE610_Init
 .text.GUI_X_Config
                0x0000000008003a30       0x20 Src/GUIConf.o
                0x0000000008003a30                GUI_X_Config
 .text.GUI_X_GetTime
                0x0000000008003a50        0xc Src/GUI_X.o
                0x0000000008003a50                GUI_X_GetTime
 .text.GUI_X_Delay
                0x0000000008003a5c       0x14 Src/GUI_X.o
                0x0000000008003a5c                GUI_X_Delay
 .text.GUI_X_Init
                0x0000000008003a70        0x4 Src/GUI_X.o
                0x0000000008003a70                GUI_X_Init
 .text.LCD_X_Config
                0x0000000008003a74       0xb4 Src/LCDConf.o
                0x0000000008003a74                LCD_X_Config
 .text.LCD_X_DisplayDriver
                0x0000000008003b28       0x18 Src/LCDConf.o
                0x0000000008003b28                LCD_X_DisplayDriver
 .text.HAL_SYSTICK_Callback
                0x0000000008003b40       0x10 Src/main.o
                0x0000000008003b40                HAL_SYSTICK_Callback
 .text.HAL_ADC_ConvCpltCallback
                0x0000000008003b50       0x20 Src/main.o
                0x0000000008003b50                HAL_ADC_ConvCpltCallback
 .text.SystemClock_Config
                0x0000000008003b70       0xc0 Src/main.o
                0x0000000008003b70                SystemClock_Config
 .text.draw_display
                0x0000000008003c30      0x364 Src/main.o
                0x0000000008003c30                draw_display
 *fill*         0x0000000008003f94        0x4 
 .text.draw_clock
                0x0000000008003f98      0x33c Src/main.o
                0x0000000008003f98                draw_clock
 .text.startup.main
                0x00000000080042d4      0x3d4 Src/main.o
                0x00000000080042d4                main
 .text.Error_Handler
                0x00000000080046a8        0x4 Src/main.o
                0x00000000080046a8                Error_Handler
 .text.HAL_MspInit
                0x00000000080046ac       0x30 Src/stm32f7xx_hal_msp.o
                0x00000000080046ac                HAL_MspInit
 .text.HAL_ADC_MspInit
                0x00000000080046dc       0xb0 Src/stm32f7xx_hal_msp.o
                0x00000000080046dc                HAL_ADC_MspInit
 .text.HAL_I2C_MspInit
                0x000000000800478c       0x70 Src/stm32f7xx_hal_msp.o
                0x000000000800478c                HAL_I2C_MspInit
 .text.HAL_RTC_MspInit
                0x00000000080047fc       0x1c Src/stm32f7xx_hal_msp.o
                0x00000000080047fc                HAL_RTC_MspInit
 .text.NMI_Handler
                0x0000000008004818        0x4 Src/stm32f7xx_it.o
                0x0000000008004818                NMI_Handler
 .text.HardFault_Handler
                0x000000000800481c        0x4 Src/stm32f7xx_it.o
                0x000000000800481c                HardFault_Handler
 .text.MemManage_Handler
                0x0000000008004820        0x4 Src/stm32f7xx_it.o
                0x0000000008004820                MemManage_Handler
 .text.BusFault_Handler
                0x0000000008004824        0x4 Src/stm32f7xx_it.o
                0x0000000008004824                BusFault_Handler
 .text.UsageFault_Handler
                0x0000000008004828        0x4 Src/stm32f7xx_it.o
                0x0000000008004828                UsageFault_Handler
 .text.SVC_Handler
                0x000000000800482c        0x4 Src/stm32f7xx_it.o
                0x000000000800482c                SVC_Handler
 .text.DebugMon_Handler
                0x0000000008004830        0x4 Src/stm32f7xx_it.o
                0x0000000008004830                DebugMon_Handler
 .text.PendSV_Handler
                0x0000000008004834        0x4 Src/stm32f7xx_it.o
                0x0000000008004834                PendSV_Handler
 .text.SysTick_Handler
                0x0000000008004838       0x10 Src/stm32f7xx_it.o
                0x0000000008004838                SysTick_Handler
 .text.DMA2_Stream0_IRQHandler
                0x0000000008004848        0xc Src/stm32f7xx_it.o
                0x0000000008004848                DMA2_Stream0_IRQHandler
 .text._sbrk    0x0000000008004854       0x3c Src/sysmem.o
                0x0000000008004854                _sbrk
 .text.SystemInit
                0x0000000008004890       0x14 Src/system_stm32f7xx.o
                0x0000000008004890                SystemInit
 .text.Reset_Handler
                0x00000000080048a4       0x50 Startup/startup_stm32f746zgtx.o
                0x00000000080048a4                Reset_Handler
 .text.Default_Handler
                0x00000000080048f4        0x2 Startup/startup_stm32f746zgtx.o
                0x00000000080048f4                RTC_Alarm_IRQHandler
                0x00000000080048f4                EXTI2_IRQHandler
                0x00000000080048f4                TIM8_CC_IRQHandler
                0x00000000080048f4                UART8_IRQHandler
                0x00000000080048f4                SPI4_IRQHandler
                0x00000000080048f4                TIM1_CC_IRQHandler
                0x00000000080048f4                DMA2_Stream5_IRQHandler
                0x00000000080048f4                DMA1_Stream5_IRQHandler
                0x00000000080048f4                PVD_IRQHandler
                0x00000000080048f4                TAMP_STAMP_IRQHandler
                0x00000000080048f4                CAN2_RX1_IRQHandler
                0x00000000080048f4                EXTI3_IRQHandler
                0x00000000080048f4                TIM8_TRG_COM_TIM14_IRQHandler
                0x00000000080048f4                TIM1_UP_TIM10_IRQHandler
                0x00000000080048f4                TIM8_UP_TIM13_IRQHandler
                0x00000000080048f4                I2C3_ER_IRQHandler
                0x00000000080048f4                EXTI0_IRQHandler
                0x00000000080048f4                I2C2_EV_IRQHandler
                0x00000000080048f4                DMA1_Stream2_IRQHandler
                0x00000000080048f4                CAN1_RX0_IRQHandler
                0x00000000080048f4                FPU_IRQHandler
                0x00000000080048f4                OTG_HS_WKUP_IRQHandler
                0x00000000080048f4                LTDC_ER_IRQHandler
                0x00000000080048f4                CAN2_SCE_IRQHandler
                0x00000000080048f4                DMA2_Stream2_IRQHandler
                0x00000000080048f4                SPI1_IRQHandler
                0x00000000080048f4                TIM6_DAC_IRQHandler
                0x00000000080048f4                TIM1_BRK_TIM9_IRQHandler
                0x00000000080048f4                DCMI_IRQHandler
                0x00000000080048f4                CAN2_RX0_IRQHandler
                0x00000000080048f4                DMA2_Stream3_IRQHandler
                0x00000000080048f4                SAI2_IRQHandler
                0x00000000080048f4                USART6_IRQHandler
                0x00000000080048f4                USART3_IRQHandler
                0x00000000080048f4                CAN1_RX1_IRQHandler
                0x00000000080048f4                UART5_IRQHandler
                0x00000000080048f4                TIM4_IRQHandler
                0x00000000080048f4                QUADSPI_IRQHandler
                0x00000000080048f4                I2C1_EV_IRQHandler
                0x00000000080048f4                DMA1_Stream6_IRQHandler
                0x00000000080048f4                DMA1_Stream1_IRQHandler
                0x00000000080048f4                UART4_IRQHandler
                0x00000000080048f4                TIM3_IRQHandler
                0x00000000080048f4                RCC_IRQHandler
                0x00000000080048f4                TIM8_BRK_TIM12_IRQHandler
                0x00000000080048f4                Default_Handler
                0x00000000080048f4                CEC_IRQHandler
                0x00000000080048f4                EXTI15_10_IRQHandler
                0x00000000080048f4                ADC_IRQHandler
                0x00000000080048f4                DMA1_Stream7_IRQHandler
                0x00000000080048f4                SPI5_IRQHandler
                0x00000000080048f4                TIM7_IRQHandler
                0x00000000080048f4                SDMMC1_IRQHandler
                0x00000000080048f4                CAN2_TX_IRQHandler
                0x00000000080048f4                TIM5_IRQHandler
                0x00000000080048f4                DMA2_Stream7_IRQHandler
                0x00000000080048f4                I2C3_EV_IRQHandler
                0x00000000080048f4                EXTI9_5_IRQHandler
                0x00000000080048f4                RTC_WKUP_IRQHandler
                0x00000000080048f4                LTDC_IRQHandler
                0x00000000080048f4                ETH_WKUP_IRQHandler
                0x00000000080048f4                SPDIF_RX_IRQHandler
                0x00000000080048f4                SPI2_IRQHandler
                0x00000000080048f4                OTG_HS_EP1_IN_IRQHandler
                0x00000000080048f4                DMA1_Stream0_IRQHandler
                0x00000000080048f4                CAN1_TX_IRQHandler
                0x00000000080048f4                EXTI4_IRQHandler
                0x00000000080048f4                RNG_IRQHandler
                0x00000000080048f4                ETH_IRQHandler
                0x00000000080048f4                OTG_HS_EP1_OUT_IRQHandler
                0x00000000080048f4                WWDG_IRQHandler
                0x00000000080048f4                SPI6_IRQHandler
                0x00000000080048f4                I2C4_EV_IRQHandler
                0x00000000080048f4                TIM2_IRQHandler
                0x00000000080048f4                OTG_FS_WKUP_IRQHandler
                0x00000000080048f4                TIM1_TRG_COM_TIM11_IRQHandler
                0x00000000080048f4                OTG_HS_IRQHandler
                0x00000000080048f4                DMA2D_IRQHandler
                0x00000000080048f4                EXTI1_IRQHandler
                0x00000000080048f4                UART7_IRQHandler
                0x00000000080048f4                USART2_IRQHandler
                0x00000000080048f4                I2C2_ER_IRQHandler
                0x00000000080048f4                DMA2_Stream1_IRQHandler
                0x00000000080048f4                CAN1_SCE_IRQHandler
                0x00000000080048f4                FLASH_IRQHandler
                0x00000000080048f4                DMA2_Stream4_IRQHandler
                0x00000000080048f4                USART1_IRQHandler
                0x00000000080048f4                OTG_FS_IRQHandler
                0x00000000080048f4                SPI3_IRQHandler
                0x00000000080048f4                DMA1_Stream4_IRQHandler
                0x00000000080048f4                I2C1_ER_IRQHandler
                0x00000000080048f4                FMC_IRQHandler
                0x00000000080048f4                LPTIM1_IRQHandler
                0x00000000080048f4                I2C4_ER_IRQHandler
                0x00000000080048f4                DMA2_Stream6_IRQHandler
                0x00000000080048f4                SAI1_IRQHandler
                0x00000000080048f4                DMA1_Stream3_IRQHandler
 .text.WM__UpdateChildPositions
                0x00000000080048f6       0xf4 ../STemWinLib/Lib\libStemWin532_CM7_GCC.a(WM__UpdateChildPositions.o)
                0x00000000080048f6                WM__UpdateChildPositions
 .text.WM_DeleteTimer
                0x00000000080049ea       0x26 ../STemWinLib/Lib\libStemWin532_CM7_GCC.a(WM_Timer.o)
                0x00000000080049ea                WM_DeleteTimer
 .text.WM__DeleteAssocTimer
                0x0000000008004a10       0x4a ../STemWinLib/Lib\libStemWin532_CM7_GCC.a(WM_Timer.o)
                0x0000000008004a10                WM__DeleteAssocTimer
 .text.WM_SendMessageNoPara
                0x0000000008004a5a        0x4 ../STemWinLib/Lib\libStemWin532_CM7_GCC.a(WM_SendMessageNoPara.o)
                0x0000000008004a5a                WM_SendMessageNoPara
 .text.WM_ResizeWindow
                0x0000000008004a5e       0xf6 ../STemWinLib/Lib\libStemWin532_CM7_GCC.a(WM_ResizeWindow.o)
                0x0000000008004a5e                WM_ResizeWindow
 .text.WM_NotifyParent
                0x0000000008004b54       0x14 ../STemWinLib/Lib\libStemWin532_CM7_GCC.a(WM_NotifyParent.o)
                0x0000000008004b54                WM_NotifyParent
 .text._MoveDescendents
                0x0000000008004b68       0x6c ../STemWinLib/Lib\libStemWin532_CM7_GCC.a(WM_Move.o)
 .text.WM__MoveWindow
                0x0000000008004bd4       0xa8 ../STemWinLib/Lib\libStemWin532_CM7_GCC.a(WM_Move.o)
                0x0000000008004bd4                WM__MoveWindow
 .text.WM_MoveWindow
                0x0000000008004c7c        0x4 ../STemWinLib/Lib\libStemWin532_CM7_GCC.a(WM_Move.o)
                0x0000000008004c7c                WM_MoveWindow
 .text.WM_GetParent
                0x0000000008004c80       0x10 ../STemWinLib/Lib\libStemWin532_CM7_GCC.a(WM_GetParent.o)
                0x0000000008004c80                WM_GetParent
 .text.WM_GetFirstChild
                0x0000000008004c90       0x10 ../STemWinLib/Lib\libStemWin532_CM7_GCC.a(WM_GetFirstChild.o)
                0x0000000008004c90                WM_GetFirstChild
 .text.WM_GetDesktopWindow
                0x0000000008004ca0       0x18 ../STemWinLib/Lib\libStemWin532_CM7_GCC.a(WM_GetDesktopWindow.o)
                0x0000000008004ca0                WM_GetDesktopWindow
 .text.WM__GetClientRectEx
                0x0000000008004cb8       0x22 ../STemWinLib/Lib\libStemWin532_CM7_GCC.a(WM_GetClientRect.o)
                0x0000000008004cb8                WM__GetClientRectEx
 *fill*         0x0000000008004cda        0x2 
 .text._OnExit  0x0000000008004cdc       0x50 ../STemWinLib/Lib\libStemWin532_CM7_GCC.a(WM.o)
 .text._Paint1  0x0000000008004d2c       0x24 ../STemWinLib/Lib\libStemWin532_CM7_GCC.a(WM.o)
 .text._Findy1  0x0000000008004d50       0xac ../STemWinLib/Lib\libStemWin532_CM7_GCC.a(WM.o)
 .text._Findx0  0x0000000008004dfc       0x88 ../STemWinLib/Lib\libStemWin532_CM7_GCC.a(WM.o)
 .text._Findx1  0x0000000008004e84       0x76 ../STemWinLib/Lib\libStemWin532_CM7_GCC.a(WM.o)
 *fill*         0x0000000008004efa        0x2 
 .text._Paint1Trans
                0x0000000008004efc       0x94 ../STemWinLib/Lib\libStemWin532_CM7_GCC.a(WM.o)
 .text._PaintTransChildren
                0x0000000008004f90       0xb6 ../STemWinLib/Lib\libStemWin532_CM7_GCC.a(WM.o)
 *fill*         0x0000000008005046        0x2 
 .text.WM__PaintWinAndOverlays
                0x0000000008005048       0x78 ../STemWinLib/Lib\libStemWin532_CM7_GCC.a(WM.o)
 .text._cbPaintMemDev
                0x00000000080050c0       0x68 ../STemWinLib/Lib\libStemWin532_CM7_GCC.a(WM.o)
 .text.WM__ClipAtParentBorders
                0x0000000008005128       0x5c ../STemWinLib/Lib\libStemWin532_CM7_GCC.a(WM.o)
                0x0000000008005128                WM__ClipAtParentBorders
 .text.WM__InsertWindowIntoList
                0x0000000008005184       0xa4 ../STemWinLib/Lib\libStemWin532_CM7_GCC.a(WM.o)
                0x0000000008005184                WM__InsertWindowIntoList
 .text.WM__RemoveWindowFromList
                0x0000000008005228       0x3c ../STemWinLib/Lib\libStemWin532_CM7_GCC.a(WM.o)
                0x0000000008005228                WM__RemoveWindowFromList
 .text.WM__Client2Screen
                0x0000000008005264       0x10 ../STemWinLib/Lib\libStemWin532_CM7_GCC.a(WM.o)
                0x0000000008005264                WM__Client2Screen
 .text._SetClipRectUserIntersect
                0x0000000008005274       0x50 ../STemWinLib/Lib\libStemWin532_CM7_GCC.a(WM.o)
 .text.WM__ActivateClipRect
                0x00000000080052c4       0x48 ../STemWinLib/Lib\libStemWin532_CM7_GCC.a(WM.o)
                0x00000000080052c4                WM__ActivateClipRect
 .text.WM__IsWindow
                0x000000000800530c       0x20 ../STemWinLib/Lib\libStemWin532_CM7_GCC.a(WM.o)
                0x000000000800530c                WM__IsWindow
 .text.WM__InvalidateDrawAndDescs
                0x000000000800532c       0x50 ../STemWinLib/Lib\libStemWin532_CM7_GCC.a(WM.o)
                0x000000000800532c                WM__InvalidateDrawAndDescs
 .text.WM__RectIsNZ
                0x000000000800537c       0x22 ../STemWinLib/Lib\libStemWin532_CM7_GCC.a(WM.o)
                0x000000000800537c                WM__RectIsNZ
 *fill*         0x000000000800539e        0x2 
 .text._Invalidate1Abs
                0x00000000080053a0       0x88 ../STemWinLib/Lib\libStemWin532_CM7_GCC.a(WM.o)
 .text.WM__Invalidate1Abs
                0x0000000008005428        0x6 ../STemWinLib/Lib\libStemWin532_CM7_GCC.a(WM.o)
                0x0000000008005428                WM__Invalidate1Abs
 .text.WM_InvalidateWindowAndDescsEx
                0x000000000800542e       0x64 ../STemWinLib/Lib\libStemWin532_CM7_GCC.a(WM.o)
                0x000000000800542e                WM_InvalidateWindowAndDescsEx
 .text.WM__InvalidateRect
                0x0000000008005492       0x78 ../STemWinLib/Lib\libStemWin532_CM7_GCC.a(WM.o)
                0x0000000008005492                WM__InvalidateRect
 .text.WM__InvalidateParent
                0x000000000800550a       0x2a ../STemWinLib/Lib\libStemWin532_CM7_GCC.a(WM.o)
                0x000000000800550a                WM__InvalidateParent
 .text.WM__InvalidateRectEx
                0x0000000008005534        0x6 ../STemWinLib/Lib\libStemWin532_CM7_GCC.a(WM.o)
                0x0000000008005534                WM__InvalidateRectEx
 .text.WM__DetachWindow
                0x000000000800553a       0x2a ../STemWinLib/Lib\libStemWin532_CM7_GCC.a(WM.o)
                0x000000000800553a                WM__DetachWindow
 .text.WM__SendMsgNoData
                0x0000000008005564       0x16 ../STemWinLib/Lib\libStemWin532_CM7_GCC.a(WM.o)
                0x0000000008005564                WM__SendMsgNoData
 .text.WM__GetClientRectWin
                0x000000000800557a       0x18 ../STemWinLib/Lib\libStemWin532_CM7_GCC.a(WM.o)
                0x000000000800557a                WM__GetClientRectWin
 .text.WM_InvalidateRect
                0x0000000008005592       0x78 ../STemWinLib/Lib\libStemWin532_CM7_GCC.a(WM.o)
                0x0000000008005592                WM_InvalidateRect
 .text.WM_InvalidateWindow
                0x000000000800560a        0x6 ../STemWinLib/Lib\libStemWin532_CM7_GCC.a(WM.o)
                0x000000000800560a                WM_InvalidateWindow
 .text.WM__GetTopLevelLayer
                0x0000000008005610       0x28 ../STemWinLib/Lib\libStemWin532_CM7_GCC.a(WM.o)
                0x0000000008005610                WM__GetTopLevelLayer
 .text.WM__SelectTopLevelLayer
                0x0000000008005638       0x14 ../STemWinLib/Lib\libStemWin532_CM7_GCC.a(WM.o)
                0x0000000008005638                WM__SelectTopLevelLayer
 .text.WM_SelectWindow
                0x000000000800564c       0x40 ../STemWinLib/Lib\libStemWin532_CM7_GCC.a(WM.o)
                0x000000000800564c                WM_SelectWindow
 .text.WM_CreateWindowAsChild
                0x000000000800568c      0x154 ../STemWinLib/Lib\libStemWin532_CM7_GCC.a(WM.o)
                0x000000000800568c                WM_CreateWindowAsChild
 .text.WM_DeleteWindow
                0x00000000080057e0      0x114 ../STemWinLib/Lib\libStemWin532_CM7_GCC.a(WM.o)
                0x00000000080057e0                WM_DeleteWindow
 .text.WM__GetNextIVR
                0x00000000080058f4      0x184 ../STemWinLib/Lib\libStemWin532_CM7_GCC.a(WM.o)
                0x00000000080058f4                WM__GetNextIVR
 .text.WM__InitIVRSearch
                0x0000000008005a78       0xfc ../STemWinLib/Lib\libStemWin532_CM7_GCC.a(WM.o)
                0x0000000008005a78                WM__InitIVRSearch
 .text.WM_SetDefault
                0x0000000008005b74       0x14 ../STemWinLib/Lib\libStemWin532_CM7_GCC.a(WM.o)
                0x0000000008005b74                WM_SetDefault
 .text.WM__Paint1
                0x0000000008005b88       0x90 ../STemWinLib/Lib\libStemWin532_CM7_GCC.a(WM.o)
                0x0000000008005b88                WM__Paint1
 .text.WM__Paint
                0x0000000008005c18       0xac ../STemWinLib/Lib\libStemWin532_CM7_GCC.a(WM.o)
                0x0000000008005c18                WM__Paint
 .text.WM_Exec  0x0000000008005cc4      0x15c ../STemWinLib/Lib\libStemWin532_CM7_GCC.a(WM.o)
                0x0000000008005cc4                WM_Exec
 .text.WM_Activate
                0x0000000008005e20       0x10 ../STemWinLib/Lib\libStemWin532_CM7_GCC.a(WM.o)
                0x0000000008005e20                WM_Activate
 .text.WM_Deactivate
                0x0000000008005e30       0x14 ../STemWinLib/Lib\libStemWin532_CM7_GCC.a(WM.o)
                0x0000000008005e30                WM_Deactivate
 .text.WM_DefaultProc
                0x0000000008005e44       0x48 ../STemWinLib/Lib\libStemWin532_CM7_GCC.a(WM.o)
                0x0000000008005e44                WM_DefaultProc
 .text._cbBackWin
                0x0000000008005e8c       0x68 ../STemWinLib/Lib\libStemWin532_CM7_GCC.a(WM.o)
 .text.WM_Init  0x0000000008005ef4       0xf4 ../STemWinLib/Lib\libStemWin532_CM7_GCC.a(WM.o)
                0x0000000008005ef4                WM_Init
 .text._CreateStaticDevice
                0x0000000008005fe8      0x170 ../STemWinLib/Lib\libStemWin532_CM7_GCC.a(GUIDEV_StaticDevices.o)
 .text.GUI_MEMDEV_Paint1Static
                0x0000000008006158       0x1c ../STemWinLib/Lib\libStemWin532_CM7_GCC.a(GUIDEV_StaticDevices.o)
                0x0000000008006158                GUI_MEMDEV_Paint1Static
 .text.GUI_MEMDEV_SetOrg
                0x0000000008006174       0x54 ../STemWinLib/Lib\libStemWin532_CM7_GCC.a(GUIDEV_SetOrg.o)
                0x0000000008006174                GUI_MEMDEV_SetOrg
 .text.GUI_MEMDEV_GetYSize
                0x00000000080061c8       0x2c ../STemWinLib/Lib\libStemWin532_CM7_GCC.a(GUIDEV_GetYSize.o)
                0x00000000080061c8                GUI_MEMDEV_GetYSize
 .text.GUI_MEMDEV_GetDataPtr
                0x00000000080061f4       0x1e ../STemWinLib/Lib\libStemWin532_CM7_GCC.a(GUIDEV_GetDataPtr.o)
                0x00000000080061f4                GUI_MEMDEV_GetDataPtr
 *fill*         0x0000000008006212        0x2 
 .text.GUI_MEMDEV_Draw
                0x0000000008006214      0x150 ../STemWinLib/Lib\libStemWin532_CM7_GCC.a(GUIDEV_Banding.o)
                0x0000000008006214                GUI_MEMDEV_Draw
 .text._GetDevData
                0x0000000008006364       0x10 ../STemWinLib/Lib\libStemWin532_CM7_GCC.a(GUIDEV_32.o)
 .text._GetDevFunc
                0x0000000008006374       0x10 ../STemWinLib/Lib\libStemWin532_CM7_GCC.a(GUIDEV_32.o)
 .text._GetDevProp
                0x0000000008006384        0xa ../STemWinLib/Lib\libStemWin532_CM7_GCC.a(GUIDEV_32.o)
 .text._SetOrg  0x000000000800638e        0xc ../STemWinLib/Lib\libStemWin532_CM7_GCC.a(GUIDEV_32.o)
 .text._GetRect
                0x000000000800639a       0x32 ../STemWinLib/Lib\libStemWin532_CM7_GCC.a(GUIDEV_32.o)
 .text._XY2PTR  0x00000000080063cc       0x40 ../STemWinLib/Lib\libStemWin532_CM7_GCC.a(GUIDEV_32.o)
 .text._GetPixelIndex
                0x000000000800640c        0xe ../STemWinLib/Lib\libStemWin532_CM7_GCC.a(GUIDEV_32.o)
 *fill*         0x000000000800641a        0x2 
 .text._XorPixel
                0x000000000800641c       0x5c ../STemWinLib/Lib\libStemWin532_CM7_GCC.a(GUIDEV_32.o)
 .text._SetPixelIndex
                0x0000000008006478       0x4c ../STemWinLib/Lib\libStemWin532_CM7_GCC.a(GUIDEV_32.o)
 .text._DrawVLine
                0x00000000080064c4       0xbc ../STemWinLib/Lib\libStemWin532_CM7_GCC.a(GUIDEV_32.o)
 .text._FillRect
                0x0000000008006580       0xb8 ../STemWinLib/Lib\libStemWin532_CM7_GCC.a(GUIDEV_32.o)
 .text._DrawHLine
                0x0000000008006638        0xe ../STemWinLib/Lib\libStemWin532_CM7_GCC.a(GUIDEV_32.o)
 *fill*         0x0000000008006646        0x2 
 .text._DrawBitmap
                0x0000000008006648      0x738 ../STemWinLib/Lib\libStemWin532_CM7_GCC.a(GUIDEV_32.o)
 .text.GUI_MEMDEV__WriteToActiveAt
                0x0000000008006d80       0x38 ../STemWinLib/Lib\libStemWin532_CM7_GCC.a(GUIDEV.o)
                0x0000000008006d80                GUI_MEMDEV__WriteToActiveAt
 .text.GUI_MEMDEV__CreateFixed
                0x0000000008006db8      0x104 ../STemWinLib/Lib\libStemWin532_CM7_GCC.a(GUIDEV.o)
                0x0000000008006db8                GUI_MEMDEV__CreateFixed
 .text.GUI_MEMDEV_GetBitsPerPixel
                0x0000000008006ebc       0x2a ../STemWinLib/Lib\libStemWin532_CM7_GCC.a(GUIDEV.o)
                0x0000000008006ebc                GUI_MEMDEV_GetBitsPerPixel
 *fill*         0x0000000008006ee6        0x2 
 .text.GUI_MEMDEV_Delete
                0x0000000008006ee8       0x44 ../STemWinLib/Lib\libStemWin532_CM7_GCC.a(GUIDEV.o)
                0x0000000008006ee8                GUI_MEMDEV_Delete
 .text.GUI_MEMDEV_CreateEx
                0x0000000008006f2c       0x78 ../STemWinLib/Lib\libStemWin532_CM7_GCC.a(GUIDEV.o)
                0x0000000008006f2c                GUI_MEMDEV_CreateEx
 .text.GUI_MEMDEV_Create
                0x0000000008006fa4        0xe ../STemWinLib/Lib\libStemWin532_CM7_GCC.a(GUIDEV.o)
                0x0000000008006fa4                GUI_MEMDEV_Create
 *fill*         0x0000000008006fb2        0x2 
 .text.GUI_MEMDEV_Select
                0x0000000008006fb4       0x4c ../STemWinLib/Lib\libStemWin532_CM7_GCC.a(GUIDEV.o)
                0x0000000008006fb4                GUI_MEMDEV_Select
 .text.GUI_MEMDEV_CopyToLCDAt
                0x0000000008007000       0xa4 ../STemWinLib/Lib\libStemWin532_CM7_GCC.a(GUIDEV.o)
                0x0000000008007000                GUI_MEMDEV_CopyToLCDAt
 .text.GUI_MEMDEV_CopyToLCD
                0x00000000080070a4        0xc ../STemWinLib/Lib\libStemWin532_CM7_GCC.a(GUIDEV.o)
                0x00000000080070a4                GUI_MEMDEV_CopyToLCD
 .text._SetPhysRAMAddr
                0x00000000080070b0       0xc0 ../STemWinLib/Lib\libStemWin532_CM7_GCC.a(GUIDRV_FlexColor_Func66720.o)
 .text._SetRect
                0x0000000008007170      0x176 ../STemWinLib/Lib\libStemWin532_CM7_GCC.a(GUIDRV_FlexColor_Func66720.o)
 *fill*         0x00000000080072e6        0x2 
 .text._SetOrientation
                0x00000000080072e8       0x3c ../STemWinLib/Lib\libStemWin532_CM7_GCC.a(GUIDRV_FlexColor_Func66720.o)
 .text._ReadPixel_16bpp_B8
                0x0000000008007324       0x38 ../STemWinLib/Lib\libStemWin532_CM7_GCC.a(GUIDRV_FlexColor_Func66720.o)
 .text._ReadPixel_16bpp_B16_I
                0x000000000800735c       0x3e ../STemWinLib/Lib\libStemWin532_CM7_GCC.a(GUIDRV_FlexColor_Func66720.o)
 .text._SetReg_B8
                0x000000000800739a       0x18 ../STemWinLib/Lib\libStemWin532_CM7_GCC.a(GUIDRV_FlexColor_Func66720.o)
 .text._SetReg_B16
                0x00000000080073b2        0xc ../STemWinLib/Lib\libStemWin532_CM7_GCC.a(GUIDRV_FlexColor_Func66720.o)
 .text._WritePara_B8
                0x00000000080073be        0xc ../STemWinLib/Lib\libStemWin532_CM7_GCC.a(GUIDRV_FlexColor_Func66720.o)
 .text._WritePara_B16
                0x00000000080073ca        0xc ../STemWinLib/Lib\libStemWin532_CM7_GCC.a(GUIDRV_FlexColor_Func66720.o)
 *fill*         0x00000000080073d6        0x2 
 .text._SetInterface
                0x00000000080073d8       0x34 ../STemWinLib/Lib\libStemWin532_CM7_GCC.a(GUIDRV_FlexColor_Func66720.o)
 .text._ReadRect_16bpp_B8
                0x000000000800740c       0x60 ../STemWinLib/Lib\libStemWin532_CM7_GCC.a(GUIDRV_FlexColor_Func66720.o)
 .text._ReadRect_16bpp_B16_I
                0x000000000800746c       0x62 ../STemWinLib/Lib\libStemWin532_CM7_GCC.a(GUIDRV_FlexColor_Func66720.o)
 *fill*         0x00000000080074ce        0x2 
 .text.GUIDRV_FlexColor_SetFunc66720
                0x00000000080074d0       0x74 ../STemWinLib/Lib\libStemWin532_CM7_GCC.a(GUIDRV_FlexColor_Func66720.o)
                0x00000000080074d0                GUIDRV_FlexColor_SetFunc66720
 .text._ReadData
                0x0000000008007544        0xa ../STemWinLib/Lib\libStemWin532_CM7_GCC.a(GUIDRV_FlexColor_16bpp_C0B16.o)
 .text._WriteData
                0x000000000800754e        0xc ../STemWinLib/Lib\libStemWin532_CM7_GCC.a(GUIDRV_FlexColor_16bpp_C0B16.o)
 *fill*         0x000000000800755a        0x2 
 .text._FillRect
                0x000000000800755c      0x100 ../STemWinLib/Lib\libStemWin532_CM7_GCC.a(GUIDRV_FlexColor_16bpp_C0B16.o)
 .text._DrawBitmap
                0x000000000800765c      0x510 ../STemWinLib/Lib\libStemWin532_CM7_GCC.a(GUIDRV_FlexColor_16bpp_C0B16.o)
 .text.GUIDRV_FlexColor_SetMode16bppC0B16
                0x0000000008007b6c       0x68 ../STemWinLib/Lib\libStemWin532_CM7_GCC.a(GUIDRV_FlexColor_16bpp_C0B16.o)
                0x0000000008007b6c                GUIDRV_FlexColor_SetMode16bppC0B16
 .text._Log2PhysX_X0Y0S0
                0x0000000008007bd4        0x4 ../STemWinLib/Lib\libStemWin532_CM7_GCC.a(GUIDRV_FlexColor.o)
 .text._Log2PhysX_X1Y0S0
                0x0000000008007bd8        0x8 ../STemWinLib/Lib\libStemWin532_CM7_GCC.a(GUIDRV_FlexColor.o)
 .text._Log2PhysX_X0Y1S0
                0x0000000008007be0        0x4 ../STemWinLib/Lib\libStemWin532_CM7_GCC.a(GUIDRV_FlexColor.o)
 .text._Log2PhysX_X1Y1S0
                0x0000000008007be4        0x8 ../STemWinLib/Lib\libStemWin532_CM7_GCC.a(GUIDRV_FlexColor.o)
 .text._Log2PhysX_X0Y0S1
                0x0000000008007bec        0x4 ../STemWinLib/Lib\libStemWin532_CM7_GCC.a(GUIDRV_FlexColor.o)
 .text._Log2PhysX_X1Y0S1
                0x0000000008007bf0        0x8 ../STemWinLib/Lib\libStemWin532_CM7_GCC.a(GUIDRV_FlexColor.o)
 .text._Log2PhysX_X0Y1S1
                0x0000000008007bf8        0x4 ../STemWinLib/Lib\libStemWin532_CM7_GCC.a(GUIDRV_FlexColor.o)
 .text._Log2PhysX_X1Y1S1
                0x0000000008007bfc        0x8 ../STemWinLib/Lib\libStemWin532_CM7_GCC.a(GUIDRV_FlexColor.o)
 .text._Log2PhysY_X0Y0S0
                0x0000000008007c04        0x4 ../STemWinLib/Lib\libStemWin532_CM7_GCC.a(GUIDRV_FlexColor.o)
 .text._Log2PhysY_X1Y0S0
                0x0000000008007c08        0x4 ../STemWinLib/Lib\libStemWin532_CM7_GCC.a(GUIDRV_FlexColor.o)
 .text._Log2PhysY_X0Y1S0
                0x0000000008007c0c        0x8 ../STemWinLib/Lib\libStemWin532_CM7_GCC.a(GUIDRV_FlexColor.o)
 .text._Log2PhysY_X1Y1S0
                0x0000000008007c14        0x8 ../STemWinLib/Lib\libStemWin532_CM7_GCC.a(GUIDRV_FlexColor.o)
 .text._Log2PhysY_X0Y0S1
                0x0000000008007c1c        0x4 ../STemWinLib/Lib\libStemWin532_CM7_GCC.a(GUIDRV_FlexColor.o)
 .text._Log2PhysY_X1Y0S1
                0x0000000008007c20        0x4 ../STemWinLib/Lib\libStemWin532_CM7_GCC.a(GUIDRV_FlexColor.o)
 .text._Log2PhysY_X0Y1S1
                0x0000000008007c24        0x8 ../STemWinLib/Lib\libStemWin532_CM7_GCC.a(GUIDRV_FlexColor.o)
 .text._Log2PhysY_X1Y1S1
                0x0000000008007c2c        0x8 ../STemWinLib/Lib\libStemWin532_CM7_GCC.a(GUIDRV_FlexColor.o)
 .text._SetPixelIndex
                0x0000000008007c34        0xc ../STemWinLib/Lib\libStemWin532_CM7_GCC.a(GUIDRV_FlexColor.o)
 .text._GetPixelIndex
                0x0000000008007c40        0xc ../STemWinLib/Lib\libStemWin532_CM7_GCC.a(GUIDRV_FlexColor.o)
 .text._XorPixel
                0x0000000008007c4c       0x28 ../STemWinLib/Lib\libStemWin532_CM7_GCC.a(GUIDRV_FlexColor.o)
 .text._DrawHLine
                0x0000000008007c74       0x10 ../STemWinLib/Lib\libStemWin532_CM7_GCC.a(GUIDRV_FlexColor.o)
 .text._DrawVLine
                0x0000000008007c84       0x12 ../STemWinLib/Lib\libStemWin532_CM7_GCC.a(GUIDRV_FlexColor.o)
 .text._FillRect
                0x0000000008007c96       0x12 ../STemWinLib/Lib\libStemWin532_CM7_GCC.a(GUIDRV_FlexColor.o)
 .text._DrawBitmap
                0x0000000008007ca8       0x28 ../STemWinLib/Lib\libStemWin532_CM7_GCC.a(GUIDRV_FlexColor.o)
 .text._GetDevFunc_SetRect
                0x0000000008007cd0        0x2 ../STemWinLib/Lib\libStemWin532_CM7_GCC.a(GUIDRV_FlexColor.o)
 *fill*         0x0000000008007cd2        0x2 
 .text._GetDevFunc_SetRectOutside
                0x0000000008007cd4       0x40 ../STemWinLib/Lib\libStemWin532_CM7_GCC.a(GUIDRV_FlexColor.o)
 .text._ReadPixelCust_16bpp
                0x0000000008007d14        0xe ../STemWinLib/Lib\libStemWin532_CM7_GCC.a(GUIDRV_FlexColor.o)
 .text._ReadPixelCust_18bpp
                0x0000000008007d22        0xe ../STemWinLib/Lib\libStemWin532_CM7_GCC.a(GUIDRV_FlexColor.o)
 .text._ReadRectCust_16bpp
                0x0000000008007d30       0x36 ../STemWinLib/Lib\libStemWin532_CM7_GCC.a(GUIDRV_FlexColor.o)
 .text._ReadRectCust_18bpp
                0x0000000008007d66       0x36 ../STemWinLib/Lib\libStemWin532_CM7_GCC.a(GUIDRV_FlexColor.o)
 .text._GetDevFunc
                0x0000000008007d9c       0x6c ../STemWinLib/Lib\libStemWin532_CM7_GCC.a(GUIDRV_FlexColor.o)
 .text._GetDevProp
                0x0000000008007e08       0x5a ../STemWinLib/Lib\libStemWin532_CM7_GCC.a(GUIDRV_FlexColor.o)
 .text._GetDevData
                0x0000000008007e62        0xc ../STemWinLib/Lib\libStemWin532_CM7_GCC.a(GUIDRV_FlexColor.o)
 .text._GetRect
                0x0000000008007e6e       0x16 ../STemWinLib/Lib\libStemWin532_CM7_GCC.a(GUIDRV_FlexColor.o)
 .text.GUIDRV_FlexColor__SetLog2Phys
                0x0000000008007e84       0x48 ../STemWinLib/Lib\libStemWin532_CM7_GCC.a(GUIDRV_FlexColor.o)
                0x0000000008007e84                GUIDRV_FlexColor__SetLog2Phys
 .text._SetOrg  0x0000000008007ecc       0x16 ../STemWinLib/Lib\libStemWin532_CM7_GCC.a(GUIDRV_FlexColor.o)
 .text.GUIDRV_FlexColor__SetPixelIndexNoCache
                0x0000000008007ee2       0x90 ../STemWinLib/Lib\libStemWin532_CM7_GCC.a(GUIDRV_FlexColor.o)
                0x0000000008007ee2                GUIDRV_FlexColor__SetPixelIndexNoCache
 .text.GUIDRV_FlexColor__GetPixelIndexNoCache
                0x0000000008007f72       0xb2 ../STemWinLib/Lib\libStemWin532_CM7_GCC.a(GUIDRV_FlexColor.o)
                0x0000000008007f72                GUIDRV_FlexColor__GetPixelIndexNoCache
 .text.GUIDRV_FlexColor__InitOnce
                0x0000000008008024       0x34 ../STemWinLib/Lib\libStemWin532_CM7_GCC.a(GUIDRV_FlexColor.o)
                0x0000000008008024                GUIDRV_FlexColor__InitOnce
 .text._SetDevFunc
                0x0000000008008058       0x9c ../STemWinLib/Lib\libStemWin532_CM7_GCC.a(GUIDRV_FlexColor.o)
 .text._GetDevFunc_Init
                0x00000000080080f4       0x4a ../STemWinLib/Lib\libStemWin532_CM7_GCC.a(GUIDRV_FlexColor.o)
 .text._GetDevFunc_SetSize
                0x000000000800813e       0x14 ../STemWinLib/Lib\libStemWin532_CM7_GCC.a(GUIDRV_FlexColor.o)
 .text._GetDevFunc_SetVSize
                0x0000000008008152       0x14 ../STemWinLib/Lib\libStemWin532_CM7_GCC.a(GUIDRV_FlexColor.o)
 .text.GUIDRV_FlexColor_Config
                0x0000000008008166       0x3c ../STemWinLib/Lib\libStemWin532_CM7_GCC.a(GUIDRV_FlexColor.o)
                0x0000000008008166                GUIDRV_FlexColor_Config
 .text.GUIDRV_FlexColor_SetFunc
                0x00000000080081a2       0x32 ../STemWinLib/Lib\libStemWin532_CM7_GCC.a(GUIDRV_FlexColor.o)
                0x00000000080081a2                GUIDRV_FlexColor_SetFunc
 .text.LCD_UpdateColorIndices
                0x00000000080081d4       0x24 ../STemWinLib/Lib\libStemWin532_CM7_GCC.a(LCD_UpdateColorIndices.o)
                0x00000000080081d4                LCD_UpdateColorIndices
 .text.LCD_SetClipRectEx
                0x00000000080081f8       0x30 ../STemWinLib/Lib\libStemWin532_CM7_GCC.a(LCD_SetClipRectEx.o)
                0x00000000080081f8                LCD_SetClipRectEx
 .text.LCD_SetVSizeEx
                0x0000000008008228       0x30 ../STemWinLib/Lib\libStemWin532_CM7_GCC.a(LCD_Set.o)
                0x0000000008008228                LCD_SetVSizeEx
 .text.LCD_SetSizeEx
                0x0000000008008258       0x30 ../STemWinLib/Lib\libStemWin532_CM7_GCC.a(LCD_Set.o)
                0x0000000008008258                LCD_SetSizeEx
 .text.LCD_SetLUTEntryEx
                0x0000000008008288       0x30 ../STemWinLib/Lib\libStemWin532_CM7_GCC.a(LCD_Set.o)
                0x0000000008008288                LCD_SetLUTEntryEx
 .text._GetDevProp
                0x00000000080082b8       0x1e ../STemWinLib/Lib\libStemWin532_CM7_GCC.a(LCD_GetEx.o)
 .text._GetMaxValue
                0x00000000080082d6       0x22 ../STemWinLib/Lib\libStemWin532_CM7_GCC.a(LCD_GetEx.o)
 .text.LCD_GetXSizeEx
                0x00000000080082f8        0x6 ../STemWinLib/Lib\libStemWin532_CM7_GCC.a(LCD_GetEx.o)
                0x00000000080082f8                LCD_GetXSizeEx
 .text.LCD_GetYSizeEx
                0x00000000080082fe        0x6 ../STemWinLib/Lib\libStemWin532_CM7_GCC.a(LCD_GetEx.o)
                0x00000000080082fe                LCD_GetYSizeEx
 .text.LCD_GetVXSizeEx
                0x0000000008008304        0x6 ../STemWinLib/Lib\libStemWin532_CM7_GCC.a(LCD_GetEx.o)
                0x0000000008008304                LCD_GetVXSizeEx
 .text.LCD_GetVYSizeEx
                0x000000000800830a        0x6 ../STemWinLib/Lib\libStemWin532_CM7_GCC.a(LCD_GetEx.o)
                0x000000000800830a                LCD_GetVYSizeEx
 .text.LCD_GetBitsPerPixelEx
                0x0000000008008310        0x6 ../STemWinLib/Lib\libStemWin532_CM7_GCC.a(LCD_GetEx.o)
                0x0000000008008310                LCD_GetBitsPerPixelEx
 .text.LCD_GetNumColorsEx
                0x0000000008008316        0x6 ../STemWinLib/Lib\libStemWin532_CM7_GCC.a(LCD_GetEx.o)
                0x0000000008008316                LCD_GetNumColorsEx
 .text.LCD_GetXSize
                0x000000000800831c       0x10 ../STemWinLib/Lib\libStemWin532_CM7_GCC.a(LCD_GetEx.o)
                0x000000000800831c                LCD_GetXSize
 .text.LCD_GetYSize
                0x000000000800832c       0x10 ../STemWinLib/Lib\libStemWin532_CM7_GCC.a(LCD_GetEx.o)
                0x000000000800832c                LCD_GetYSize
 .text.LCD_GetNumColors
                0x000000000800833c       0x10 ../STemWinLib/Lib\libStemWin532_CM7_GCC.a(LCD_GetEx.o)
                0x000000000800833c                LCD_GetNumColors
 .text.GUI_GetBitsPerPixelEx
                0x000000000800834c       0x18 ../STemWinLib/Lib\libStemWin532_CM7_GCC.a(LCD_GetEx.o)
                0x000000000800834c                GUI_GetBitsPerPixelEx
 .text.LCD_GetPaletteEx
                0x0000000008008364       0x14 ../STemWinLib/Lib\libStemWin532_CM7_GCC.a(LCD_GetEx.o)
                0x0000000008008364                LCD_GetPaletteEx
 .text.LCD_GetPalette
                0x0000000008008378       0x10 ../STemWinLib/Lib\libStemWin532_CM7_GCC.a(LCD_GetEx.o)
                0x0000000008008378                LCD_GetPalette
 .text.GUI_GetpfIndex2ColorEx
                0x0000000008008388       0x10 ../STemWinLib/Lib\libStemWin532_CM7_GCC.a(LCD_GetEx.o)
                0x0000000008008388                GUI_GetpfIndex2ColorEx
 .text.GUI_GetpfColor2IndexEx
                0x0000000008008398       0x10 ../STemWinLib/Lib\libStemWin532_CM7_GCC.a(LCD_GetEx.o)
                0x0000000008008398                GUI_GetpfColor2IndexEx
 .text.LCD_GetXSizeMax
                0x00000000080083a8        0x6 ../STemWinLib/Lib\libStemWin532_CM7_GCC.a(LCD_GetEx.o)
                0x00000000080083a8                LCD_GetXSizeMax
 .text.LCD_GetYSizeMax
                0x00000000080083ae        0x6 ../STemWinLib/Lib\libStemWin532_CM7_GCC.a(LCD_GetEx.o)
                0x00000000080083ae                LCD_GetYSizeMax
 .text.LCD_GetVXSizeMax
                0x00000000080083b4        0x6 ../STemWinLib/Lib\libStemWin532_CM7_GCC.a(LCD_GetEx.o)
                0x00000000080083b4                LCD_GetVXSizeMax
 *fill*         0x00000000080083ba        0x2 
 .text.LCD_SetDisplaySize
                0x00000000080083bc       0x14 ../STemWinLib/Lib\libStemWin532_CM7_GCC.a(LCD_GetEx.o)
                0x00000000080083bc                LCD_SetDisplaySize
 .text.LCD_GetXSizeDisplay
                0x00000000080083d0        0xc ../STemWinLib/Lib\libStemWin532_CM7_GCC.a(LCD_GetEx.o)
                0x00000000080083d0                LCD_GetXSizeDisplay
 .text.LCD_GetYSizeDisplay
                0x00000000080083dc        0xc ../STemWinLib/Lib\libStemWin532_CM7_GCC.a(LCD_GetEx.o)
                0x00000000080083dc                LCD_GetYSizeDisplay
 .text.LCD__GetBPP
                0x00000000080083e8       0x7e ../STemWinLib/Lib\libStemWin532_CM7_GCC.a(LCD_GetEx.o)
                0x00000000080083e8                LCD__GetBPP
 .text.LCD__GetBPPDevice
                0x0000000008008466       0x2c ../STemWinLib/Lib\libStemWin532_CM7_GCC.a(LCD_GetEx.o)
                0x0000000008008466                LCD__GetBPPDevice
 *fill*         0x0000000008008492        0x2 
 .text._SetDrawMode
                0x0000000008008494       0x28 ../STemWinLib/Lib\libStemWin532_CM7_GCC.a(LCD.o)
 .text.LCD_SetDrawMode
                0x00000000080084bc       0x10 ../STemWinLib/Lib\libStemWin532_CM7_GCC.a(LCD.o)
                0x00000000080084bc                LCD_SetDrawMode
 .text.LCD_DrawPixel
                0x00000000080084cc       0x5c ../STemWinLib/Lib\libStemWin532_CM7_GCC.a(LCD.o)
                0x00000000080084cc                LCD_DrawPixel
 .text.LCD_DrawHLine
                0x0000000008008528       0x4c ../STemWinLib/Lib\libStemWin532_CM7_GCC.a(LCD.o)
                0x0000000008008528                LCD_DrawHLine
 .text.LCD_DrawVLine
                0x0000000008008574       0x4c ../STemWinLib/Lib\libStemWin532_CM7_GCC.a(LCD.o)
                0x0000000008008574                LCD_DrawVLine
 .text.LCD_FillRect
                0x00000000080085c0       0x58 ../STemWinLib/Lib\libStemWin532_CM7_GCC.a(LCD.o)
                0x00000000080085c0                LCD_FillRect
 .text.LCD__DrawBitmap_1bpp
                0x0000000008008618      0x1b8 ../STemWinLib/Lib\libStemWin532_CM7_GCC.a(LCD.o)
                0x0000000008008618                LCD__DrawBitmap_1bpp
 .text.LCD_DrawBitmap
                0x00000000080087d0      0x218 ../STemWinLib/Lib\libStemWin532_CM7_GCC.a(LCD.o)
                0x00000000080087d0                LCD_DrawBitmap
 .text.LCD_SetClipRectMax
                0x00000000080089e8       0x20 ../STemWinLib/Lib\libStemWin532_CM7_GCC.a(LCD.o)
                0x00000000080089e8                LCD_SetClipRectMax
 .text.emWin_LCD_Init
                0x0000000008008a08       0x92 ../STemWinLib/Lib\libStemWin532_CM7_GCC.a(LCD.o)
                0x0000000008008a08                emWin_LCD_Init
 *fill*         0x0000000008008a9a        0x2 
 .text.LCD_Color2Index
                0x0000000008008a9c       0x20 ../STemWinLib/Lib\libStemWin532_CM7_GCC.a(LCD.o)
                0x0000000008008a9c                LCD_Color2Index
 .text.LCD_Index2Color
                0x0000000008008abc       0x20 ../STemWinLib/Lib\libStemWin532_CM7_GCC.a(LCD.o)
                0x0000000008008abc                LCD_Index2Color
 .text.LCD_SetColorIndex
                0x0000000008008adc       0x18 ../STemWinLib/Lib\libStemWin532_CM7_GCC.a(LCD.o)
                0x0000000008008adc                LCD_SetColorIndex
 .text._SetColor
                0x0000000008008af4       0x20 ../STemWinLib/Lib\libStemWin532_CM7_GCC.a(LCD.o)
 .text.LCD_SetBkColorIndex
                0x0000000008008b14       0x18 ../STemWinLib/Lib\libStemWin532_CM7_GCC.a(LCD.o)
                0x0000000008008b14                LCD_SetBkColorIndex
 .text._SetBkColor
                0x0000000008008b2c       0x20 ../STemWinLib/Lib\libStemWin532_CM7_GCC.a(LCD.o)
 .text.LCD_SetBkColor
                0x0000000008008b4c       0x10 ../STemWinLib/Lib\libStemWin532_CM7_GCC.a(LCD.o)
                0x0000000008008b4c                LCD_SetBkColor
 .text.LCD_SetColor
                0x0000000008008b5c       0x10 ../STemWinLib/Lib\libStemWin532_CM7_GCC.a(LCD.o)
                0x0000000008008b5c                LCD_SetColor
 .text.GUI__memset16
                0x0000000008008b6c       0x5c ../STemWinLib/Lib\libStemWin532_CM7_GCC.a(GUI__memset16.o)
                0x0000000008008b6c                GUI__memset16
 .text.GUI__memset
                0x0000000008008bc8       0x54 ../STemWinLib/Lib\libStemWin532_CM7_GCC.a(GUI__memset.o)
                0x0000000008008bc8                GUI__memset
 .text.GUI__ManageCacheEx
                0x0000000008008c1c       0xe8 ../STemWinLib/Lib\libStemWin532_CM7_GCC.a(GUI__ManageCache.o)
                0x0000000008008c1c                GUI__ManageCacheEx
 .text.GUI__ManageCache
                0x0000000008008d04       0x10 ../STemWinLib/Lib\libStemWin532_CM7_GCC.a(GUI__ManageCache.o)
                0x0000000008008d04                GUI__ManageCache
 .text.GUI__IntersectRects
                0x0000000008008d14       0x64 ../STemWinLib/Lib\libStemWin532_CM7_GCC.a(GUI__IntersectRects.o)
                0x0000000008008d14                GUI__IntersectRects
 .text.GUI__IntersectRect
                0x0000000008008d78       0x3c ../STemWinLib/Lib\libStemWin532_CM7_GCC.a(GUI__IntersectRect.o)
                0x0000000008008d78                GUI__IntersectRect
 .text.GUI__MixColors
                0x0000000008008db4       0x5e ../STemWinLib/Lib\libStemWin532_CM7_GCC.a(GUI__Alpha.o)
                0x0000000008008db4                GUI__MixColors
 *fill*         0x0000000008008e12        0x2 
 .text._OnExit  0x0000000008008e14       0x40 ../STemWinLib/Lib\libStemWin532_CM7_GCC.a(GUI__Alpha.o)
 .text.GUI__GetAlphaBuffer
                0x0000000008008e54       0xc8 ../STemWinLib/Lib\libStemWin532_CM7_GCC.a(GUI__Alpha.o)
                0x0000000008008e54                GUI__GetAlphaBuffer
 .text.GUI__DoAlphaBlending
                0x0000000008008f1c      0x1cc ../STemWinLib/Lib\libStemWin532_CM7_GCC.a(GUI__Alpha.o)
                0x0000000008008f1c                GUI__DoAlphaBlending
 .text.GUI__AllocAlphaBuffer
                0x00000000080090e8       0x1a ../STemWinLib/Lib\libStemWin532_CM7_GCC.a(GUI__Alpha.o)
                0x00000000080090e8                GUI__AllocAlphaBuffer
 *fill*         0x0000000008009102        0x2 
 .text.GUI_SignalEvent
                0x0000000008009104       0x10 ../STemWinLib/Lib\libStemWin532_CM7_GCC.a(GUI_WaitEvent.o)
                0x0000000008009104                GUI_SignalEvent
 .text.GUI_UC__GetCharCodeInc
                0x0000000008009114       0x28 ../STemWinLib/Lib\libStemWin532_CM7_GCC.a(GUI_UC.o)
                0x0000000008009114                GUI_UC__GetCharCodeInc
 .text.GUI_UC__NumChars2NumBytes
                0x000000000800913c       0x24 ../STemWinLib/Lib\libStemWin532_CM7_GCC.a(GUI_UC.o)
                0x000000000800913c                GUI_UC__NumChars2NumBytes
 .text._Unlink  0x0000000008009160       0x4c ../STemWinLib/Lib\libStemWin532_CM7_GCC.a(GUI_Timer.o)
 .text.GUI_TIMER__GetFirstTimer
                0x00000000080091ac       0x30 ../STemWinLib/Lib\libStemWin532_CM7_GCC.a(GUI_Timer.o)
                0x00000000080091ac                GUI_TIMER__GetFirstTimer
 .text.GUI_TIMER__GetNextTimerLin
                0x00000000080091dc       0x38 ../STemWinLib/Lib\libStemWin532_CM7_GCC.a(GUI_Timer.o)
                0x00000000080091dc                GUI_TIMER__GetNextTimerLin
 .text.GUI_TIMER_Delete
                0x0000000008009214       0x68 ../STemWinLib/Lib\libStemWin532_CM7_GCC.a(GUI_Timer.o)
                0x0000000008009214                GUI_TIMER_Delete
 .text.GUI_TIMER_GetFlag
                0x000000000800927c       0x2a ../STemWinLib/Lib\libStemWin532_CM7_GCC.a(GUI_Timer.o)
                0x000000000800927c                GUI_TIMER_GetFlag
 .text.GUI_Delay
                0x00000000080092a6       0x28 ../STemWinLib/Lib\libStemWin532_CM7_GCC.a(GUI_Time.o)
                0x00000000080092a6                GUI_Delay
 *fill*         0x00000000080092ce        0x2 
 .text.GUI_TOUCH_Calibrate
                0x00000000080092d0       0xbc ../STemWinLib/Lib\libStemWin532_CM7_GCC.a(GUI_TOUCH_DriverAnalog.o)
                0x00000000080092d0                GUI_TOUCH_Calibrate
 .text.GUI_TOUCH_CalcCoefficients
                0x000000000800938c      0x498 ../STemWinLib/Lib\libStemWin532_CM7_GCC.a(GUI_TOUCH_Calibrate.o)
                0x000000000800938c                GUI_TOUCH_CalcCoefficients
 .text.GUI_SetTextMode
                0x0000000008009824       0x14 ../STemWinLib/Lib\libStemWin532_CM7_GCC.a(GUI_SetTextMode.o)
                0x0000000008009824                GUI_SetTextMode
 .text.GUI_SetFont
                0x0000000008009838       0x14 ../STemWinLib/Lib\libStemWin532_CM7_GCC.a(GUI_SetFont.o)
                0x0000000008009838                GUI_SetFont
 .text.GUI_SetDrawMode
                0x000000000800984c        0x4 ../STemWinLib/Lib\libStemWin532_CM7_GCC.a(GUI_SetDrawMode.o)
                0x000000000800984c                GUI_SetDrawMode
 .text.GL_SetDefault
                0x0000000008009850       0x40 ../STemWinLib/Lib\libStemWin532_CM7_GCC.a(GUI_SetDefault.o)
                0x0000000008009850                GL_SetDefault
 .text.GUI_SetBkColor
                0x0000000008009890        0x4 ../STemWinLib/Lib\libStemWin532_CM7_GCC.a(GUI_SetColor.o)
                0x0000000008009890                GUI_SetBkColor
 .text.GUI_SetColor
                0x0000000008009894        0x4 ../STemWinLib/Lib\libStemWin532_CM7_GCC.a(GUI_SetColor.o)
                0x0000000008009894                GUI_SetColor
 .text.GUI__AlphaPreserveTrans
                0x0000000008009898       0x24 ../STemWinLib/Lib\libStemWin532_CM7_GCC.a(GUI_SetAlpha.o)
                0x0000000008009898                GUI__AlphaPreserveTrans
 .text.GUI_SelectLayer
                0x00000000080098bc       0x2c ../STemWinLib/Lib\libStemWin532_CM7_GCC.a(GUI_SelectLayer.o)
                0x00000000080098bc                GUI_SelectLayer
 .text.GUI_SelectLCD
                0x00000000080098e8       0x12 ../STemWinLib/Lib\libStemWin532_CM7_GCC.a(GUI_SelectLCD.o)
                0x00000000080098e8                GUI_SelectLCD
 *fill*         0x00000000080098fa        0x2 
 .text.GUI_SaveContext_W
                0x00000000080098fc       0x14 ../STemWinLib/Lib\libStemWin532_CM7_GCC.a(GUI_SaveContext.o)
                0x00000000080098fc                GUI_SaveContext_W
 .text.GUI_RestoreContext
                0x0000000008009910       0x14 ../STemWinLib/Lib\libStemWin532_CM7_GCC.a(GUI_SaveContext.o)
                0x0000000008009910                GUI_RestoreContext
 .text.GUI_RectsIntersect
                0x0000000008009924       0x3a ../STemWinLib/Lib\libStemWin532_CM7_GCC.a(GUI_RectsIntersect.o)
                0x0000000008009924                GUI_RectsIntersect
 *fill*         0x000000000800995e        0x2 
 .text.GUI_SetPenSize
                0x0000000008009960       0x10 ../STemWinLib/Lib\libStemWin532_CM7_GCC.a(GUI_Pen.o)
                0x0000000008009960                GUI_SetPenSize
 .text.GUI_StoreKey
                0x0000000008009970       0x10 ../STemWinLib/Lib\libStemWin532_CM7_GCC.a(GUI_OnKey.o)
                0x0000000008009970                GUI_StoreKey
 .text.GUI_PollKeyMsg
                0x0000000008009980       0x38 ../STemWinLib/Lib\libStemWin532_CM7_GCC.a(GUI_OnKey.o)
                0x0000000008009980                GUI_PollKeyMsg
 .text.GUI_MoveRect
                0x00000000080099b8       0x20 ../STemWinLib/Lib\libStemWin532_CM7_GCC.a(GUI_MoveRect.o)
                0x00000000080099b8                GUI_MoveRect
 .text.GUI_MergeRect
                0x00000000080099d8       0x56 ../STemWinLib/Lib\libStemWin532_CM7_GCC.a(GUI_MergeRect.o)
                0x00000000080099d8                GUI_MergeRect
 *fill*         0x0000000008009a2e        0x2 
 .text.GUI_GotoXY
                0x0000000008009a30       0x10 ../STemWinLib/Lib\libStemWin532_CM7_GCC.a(GUI_Goto.o)
                0x0000000008009a30                GUI_GotoXY
 .text.GUI_GetOrg
                0x0000000008009a40       0x1c ../STemWinLib/Lib\libStemWin532_CM7_GCC.a(GUI_GetOrg.o)
                0x0000000008009a40                GUI_GetOrg
 .text.GUI_Exec1
                0x0000000008009a5c       0x34 ../STemWinLib/Lib\libStemWin532_CM7_GCC.a(GUI_Exec.o)
                0x0000000008009a5c                GUI_Exec1
 .text.GUI_Exec
                0x0000000008009a90       0x12 ../STemWinLib/Lib\libStemWin532_CM7_GCC.a(GUI_Exec.o)
                0x0000000008009a90                GUI_Exec
 *fill*         0x0000000008009aa2        0x2 
 .text.GL_DrawPoint
                0x0000000008009aa4       0x28 ../STemWinLib/Lib\libStemWin532_CM7_GCC.a(GUI_DrawPoint.o)
                0x0000000008009aa4                GL_DrawPoint
 .text.GUI_DrawPoint
                0x0000000008009acc       0x2c ../STemWinLib/Lib\libStemWin532_CM7_GCC.a(GUI_DrawPoint.o)
                0x0000000008009acc                GUI_DrawPoint
 .text._SetLineColor
                0x0000000008009af8       0x88 ../STemWinLib/Lib\libStemWin532_CM7_GCC.a(GUI_DrawLine.o)
 .text.GUI_sin  0x0000000008009b80       0x58 ../STemWinLib/Lib\libStemWin532_CM7_GCC.a(GUI_DrawLine.o)
                0x0000000008009b80                GUI_sin
 .text.GUI_cos  0x0000000008009bd8        0x8 ../STemWinLib/Lib\libStemWin532_CM7_GCC.a(GUI_DrawLine.o)
                0x0000000008009bd8                GUI_cos
 .text.GL_DrawLine1Ex
                0x0000000008009be0      0x1c4 ../STemWinLib/Lib\libStemWin532_CM7_GCC.a(GUI_DrawLine.o)
                0x0000000008009be0                GL_DrawLine1Ex
 .text.GL_DrawLineEx
                0x0000000008009da4      0x1ac ../STemWinLib/Lib\libStemWin532_CM7_GCC.a(GUI_DrawLine.o)
                0x0000000008009da4                GL_DrawLineEx
 .text.GL_DrawLine
                0x0000000008009f50       0x16 ../STemWinLib/Lib\libStemWin532_CM7_GCC.a(GUI_DrawLine.o)
                0x0000000008009f50                GL_DrawLine
 *fill*         0x0000000008009f66        0x2 
 .text.GUI_DrawLine
                0x0000000008009f68       0x3c ../STemWinLib/Lib\libStemWin532_CM7_GCC.a(GUI_DrawLine.o)
                0x0000000008009f68                GUI_DrawLine
 .text.GUI_DispStringHCenterAt
                0x0000000008009fa4       0x34 ../STemWinLib/Lib\libStemWin532_CM7_GCC.a(GUI_DispStringHCenter.o)
                0x0000000008009fa4                GUI_DispStringHCenterAt
 .text.GUI_DispStringAt
                0x0000000008009fd8       0x10 ../STemWinLib/Lib\libStemWin532_CM7_GCC.a(GUI_DispStringAt.o)
                0x0000000008009fd8                GUI_DispStringAt
 .text.GUI_DispString
                0x0000000008009fe8      0x108 ../STemWinLib/Lib\libStemWin532_CM7_GCC.a(GUI_DispString.o)
                0x0000000008009fe8                GUI_DispString
 .text.GUI_DEVICE__GetpDriver
                0x000000000800a0f0       0x20 ../STemWinLib/Lib\libStemWin532_CM7_GCC.a(GUI_Device.o)
                0x000000000800a0f0                GUI_DEVICE__GetpDriver
 .text.GUI_DEVICE_Delete
                0x000000000800a110        0x4 ../STemWinLib/Lib\libStemWin532_CM7_GCC.a(GUI_Device.o)
                0x000000000800a110                GUI_DEVICE_Delete
 .text.GUI_DEVICE_Create
                0x000000000800a114       0x4c ../STemWinLib/Lib\libStemWin532_CM7_GCC.a(GUI_Device.o)
                0x000000000800a114                GUI_DEVICE_Create
 .text.GUI_DEVICE_Unlink
                0x000000000800a160       0x2c ../STemWinLib/Lib\libStemWin532_CM7_GCC.a(GUI_Device.o)
                0x000000000800a160                GUI_DEVICE_Unlink
 .text.GUI_DEVICE_Link
                0x000000000800a18c       0x74 ../STemWinLib/Lib\libStemWin532_CM7_GCC.a(GUI_Device.o)
                0x000000000800a18c                GUI_DEVICE_Link
 .text.GUI_DEVICE_CreateAndLink
                0x000000000800a200       0x28 ../STemWinLib/Lib\libStemWin532_CM7_GCC.a(GUI_Device.o)
                0x000000000800a200                GUI_DEVICE_CreateAndLink
 .text._OnExit  0x000000000800a228       0x2c ../STemWinLib/Lib\libStemWin532_CM7_GCC.a(GUI_Core.o)
 .text._InitContext
                0x000000000800a254       0x80 ../STemWinLib/Lib\libStemWin532_CM7_GCC.a(GUI_Core.o)
 .text.GUI_SetDefaultFont
                0x000000000800a2d4        0xc ../STemWinLib/Lib\libStemWin532_CM7_GCC.a(GUI_Core.o)
                0x000000000800a2d4                GUI_SetDefaultFont
 .text.GUI_ClearRect
                0x000000000800a2e0       0x64 ../STemWinLib/Lib\libStemWin532_CM7_GCC.a(GUI_Core.o)
                0x000000000800a2e0                GUI_ClearRect
 .text.GUI_Clear
                0x000000000800a344       0x20 ../STemWinLib/Lib\libStemWin532_CM7_GCC.a(GUI_Core.o)
                0x000000000800a344                GUI_Clear
 .text.GUI__RegisterExit
                0x000000000800a364       0x24 ../STemWinLib/Lib\libStemWin532_CM7_GCC.a(GUI_Core.o)
                0x000000000800a364                GUI__RegisterExit
 .text.GUI__Config
                0x000000000800a388       0x30 ../STemWinLib/Lib\libStemWin532_CM7_GCC.a(GUI_Core.o)
                0x000000000800a388                GUI__Config
 .text.GUI_Init
                0x000000000800a3b8       0xa8 ../STemWinLib/Lib\libStemWin532_CM7_GCC.a(GUI_Core.o)
                0x000000000800a3b8                GUI_Init
 .text.GL_FillCircle
                0x000000000800a460       0xc4 ../STemWinLib/Lib\libStemWin532_CM7_GCC.a(GUI_Circ.o)
                0x000000000800a460                GL_FillCircle
 .text.GUIPROP__FindChar
                0x000000000800a524       0x14 ../STemWinLib/Lib\libStemWin532_CM7_GCC.a(GUI_CharP.o)
                0x000000000800a524                GUIPROP__FindChar
 .text.GUIPROP_DispChar
                0x000000000800a538       0xec ../STemWinLib/Lib\libStemWin532_CM7_GCC.a(GUI_CharP.o)
                0x000000000800a538                GUIPROP_DispChar
 .text.GUIPROP_GetCharDistX
                0x000000000800a624       0x3c ../STemWinLib/Lib\libStemWin532_CM7_GCC.a(GUI_CharP.o)
                0x000000000800a624                GUIPROP_GetCharDistX
 .text.GUIPROP_GetFontInfo
                0x000000000800a660        0x6 ../STemWinLib/Lib\libStemWin532_CM7_GCC.a(GUI_CharP.o)
                0x000000000800a660                GUIPROP_GetFontInfo
 .text.GUIPROP_IsInFont
                0x000000000800a666       0x10 ../STemWinLib/Lib\libStemWin532_CM7_GCC.a(GUI_CharP.o)
                0x000000000800a666                GUIPROP_IsInFont
 *fill*         0x000000000800a676        0x2 
 .text.GUIMONO_DispChar
                0x000000000800a678      0x150 ../STemWinLib/Lib\libStemWin532_CM7_GCC.a(GUI_CharM.o)
                0x000000000800a678                GUIMONO_DispChar
 .text.GUIMONO_GetCharDistX
                0x000000000800a7c8       0x18 ../STemWinLib/Lib\libStemWin532_CM7_GCC.a(GUI_CharM.o)
                0x000000000800a7c8                GUIMONO_GetCharDistX
 .text.GUIMONO_GetFontInfo
                0x000000000800a7e0        0x6 ../STemWinLib/Lib\libStemWin532_CM7_GCC.a(GUI_CharM.o)
                0x000000000800a7e0                GUIMONO_GetFontInfo
 .text.GUIMONO_IsInFont
                0x000000000800a7e6       0x36 ../STemWinLib/Lib\libStemWin532_CM7_GCC.a(GUI_CharM.o)
                0x000000000800a7e6                GUIMONO_IsInFont
 .text._Log2VisBuffered
                0x000000000800a81c        0x2 ../STemWinLib/Lib\libStemWin532_CM7_GCC.a(GUI_CharLine.o)
 *fill*         0x000000000800a81e        0x2 
 .text._DispLine
                0x000000000800a820       0x7c ../STemWinLib/Lib\libStemWin532_CM7_GCC.a(GUI_CharLine.o)
 .text.GUI__GetLineNumChars
                0x000000000800a89c       0x3c ../STemWinLib/Lib\libStemWin532_CM7_GCC.a(GUI_CharLine.o)
                0x000000000800a89c                GUI__GetLineNumChars
 .text.GUI__GetOverlap
                0x000000000800a8d8       0x1e ../STemWinLib/Lib\libStemWin532_CM7_GCC.a(GUI_CharLine.o)
                0x000000000800a8d8                GUI__GetOverlap
 *fill*         0x000000000800a8f6        0x2 
 .text.GUI__GetLineDistX
                0x000000000800a8f8       0x60 ../STemWinLib/Lib\libStemWin532_CM7_GCC.a(GUI_CharLine.o)
                0x000000000800a8f8                GUI__GetLineDistX
 .text.GUI__DispLine
                0x000000000800a958       0xa8 ../STemWinLib/Lib\libStemWin532_CM7_GCC.a(GUI_CharLine.o)
                0x000000000800a958                GUI__DispLine
 .text.GUI_GetYAdjust
                0x000000000800aa00       0x30 ../STemWinLib/Lib\libStemWin532_CM7_GCC.a(GUI_Char.o)
                0x000000000800aa00                GUI_GetYAdjust
 .text.GUI_GetFontDistY
                0x000000000800aa30       0x10 ../STemWinLib/Lib\libStemWin532_CM7_GCC.a(GUI_Char.o)
                0x000000000800aa30                GUI_GetFontDistY
 .text.GUI_GetCharDistX
                0x000000000800aa40       0x14 ../STemWinLib/Lib\libStemWin532_CM7_GCC.a(GUI_Char.o)
                0x000000000800aa40                GUI_GetCharDistX
 .text.GUI_GetCharDistXEx
                0x000000000800aa54       0x14 ../STemWinLib/Lib\libStemWin532_CM7_GCC.a(GUI_Char.o)
                0x000000000800aa54                GUI_GetCharDistXEx
 .text._DrawArc.isra.0
                0x000000000800aa68      0x2e4 ../STemWinLib/Lib\libStemWin532_CM7_GCC.a(GUI_Arc.o)
 .text.GL_DrawArc
                0x000000000800ad4c       0xf6 ../STemWinLib/Lib\libStemWin532_CM7_GCC.a(GUI_Arc.o)
                0x000000000800ad4c                GL_DrawArc
 *fill*         0x000000000800ae42        0x2 
 .text.GUI_DrawArc
                0x000000000800ae44       0x44 ../STemWinLib/Lib\libStemWin532_CM7_GCC.a(GUI_Arc.o)
                0x000000000800ae44                GUI_DrawArc
 .text._PushFreeBlock
                0x000000000800ae88       0x24 ../STemWinLib/Lib\libStemWin532_CM7_GCC.a(GUI_Alloc.o)
 .text._OnExit  0x000000000800aeac       0x38 ../STemWinLib/Lib\libStemWin532_CM7_GCC.a(GUI_Alloc.o)
 .text._RemoveFreeBlock
                0x000000000800aee4       0x40 ../STemWinLib/Lib\libStemWin532_CM7_GCC.a(GUI_Alloc.o)
 .text._AddFreeMemory
                0x000000000800af24       0xa0 ../STemWinLib/Lib\libStemWin532_CM7_GCC.a(GUI_Alloc.o)
 .text._RemoveHoles
                0x000000000800afc4       0x9c ../STemWinLib/Lib\libStemWin532_CM7_GCC.a(GUI_Alloc.o)
 .text.GUI_ALLOC_FreeFixedBlock
                0x000000000800b060       0x14 ../STemWinLib/Lib\libStemWin532_CM7_GCC.a(GUI_Alloc.o)
                0x000000000800b060                GUI_ALLOC_FreeFixedBlock
 .text.GUI_ALLOC_h2p
                0x000000000800b074       0x14 ../STemWinLib/Lib\libStemWin532_CM7_GCC.a(GUI_Alloc.o)
                0x000000000800b074                GUI_ALLOC_h2p
 .text.GUI_ALLOC_LockH
                0x000000000800b088       0x1c ../STemWinLib/Lib\libStemWin532_CM7_GCC.a(GUI_Alloc.o)
                0x000000000800b088                GUI_ALLOC_LockH
 .text.GUI_ALLOC_UnlockH
                0x000000000800b0a4       0x30 ../STemWinLib/Lib\libStemWin532_CM7_GCC.a(GUI_Alloc.o)
                0x000000000800b0a4                GUI_ALLOC_UnlockH
 .text.GUI_ALLOC_AssignMemory
                0x000000000800b0d4       0x10 ../STemWinLib/Lib\libStemWin532_CM7_GCC.a(GUI_Alloc.o)
                0x000000000800b0d4                GUI_ALLOC_AssignMemory
 .text.GUI_ALLOC_Free
                0x000000000800b0e4       0x30 ../STemWinLib/Lib\libStemWin532_CM7_GCC.a(GUI_Alloc.o)
                0x000000000800b0e4                GUI_ALLOC_Free
 .text._EnlargeBlocks
                0x000000000800b114       0x98 ../STemWinLib/Lib\libStemWin532_CM7_GCC.a(GUI_Alloc.o)
 .text._InitOnce
                0x000000000800b1ac      0x174 ../STemWinLib/Lib\libStemWin532_CM7_GCC.a(GUI_Alloc.o)
 .text.GUI_ALLOC_GetFixedBlock
                0x000000000800b320       0xa4 ../STemWinLib/Lib\libStemWin532_CM7_GCC.a(GUI_Alloc.o)
                0x000000000800b320                GUI_ALLOC_GetFixedBlock
 .text.GUI_ALLOC_GetMaxSize
                0x000000000800b3c4       0x3c ../STemWinLib/Lib\libStemWin532_CM7_GCC.a(GUI_Alloc.o)
                0x000000000800b3c4                GUI_ALLOC_GetMaxSize
 .text.GUI_ALLOC_RequestSize
                0x000000000800b400       0x2c ../STemWinLib/Lib\libStemWin532_CM7_GCC.a(GUI_Alloc.o)
                0x000000000800b400                GUI_ALLOC_RequestSize
 .text._Alloc   0x000000000800b42c       0xec ../STemWinLib/Lib\libStemWin532_CM7_GCC.a(GUI_Alloc.o)
 .text.GUI_ALLOC_AllocNoInit
                0x000000000800b518        0x8 ../STemWinLib/Lib\libStemWin532_CM7_GCC.a(GUI_Alloc.o)
                0x000000000800b518                GUI_ALLOC_AllocNoInit
 .text.GUI_ALLOC_AllocZero
                0x000000000800b520       0x2a ../STemWinLib/Lib\libStemWin532_CM7_GCC.a(GUI_ALLOC_AllocZero.o)
                0x000000000800b520                GUI_ALLOC_AllocZero
 *fill*         0x000000000800b54a        0x2 
 .text.LCD_Index2Color_M565
                0x000000000800b54c       0x28 ../STemWinLib/Lib\libStemWin532_CM7_GCC.a(GUICC_M565.o)
                0x000000000800b54c                LCD_Index2Color_M565
 .text._Color2Index_M565
                0x000000000800b574       0x28 ../STemWinLib/Lib\libStemWin532_CM7_GCC.a(GUICC_M565.o)
 .text._GetIndexMask_M565
                0x000000000800b59c        0x6 ../STemWinLib/Lib\libStemWin532_CM7_GCC.a(GUICC_M565.o)
 *fill*         0x000000000800b5a2        0x2 
 .text._Color2IndexBulk
                0x000000000800b5a4       0x4c ../STemWinLib/Lib\libStemWin532_CM7_GCC.a(GUICC_M565.o)
 .text._Index2ColorBulk
                0x000000000800b5f0       0x5c ../STemWinLib/Lib\libStemWin532_CM7_GCC.a(GUICC_M565.o)
 .text.LCD_Index2Color_888
                0x000000000800b64c        0x2 ../STemWinLib/Lib\libStemWin532_CM7_GCC.a(GUICC_888_Index2Color.o)
                0x000000000800b64c                LCD_Index2Color_888
 .text.LCD_Index2Color_8888
                0x000000000800b64e        0x2 ../STemWinLib/Lib\libStemWin532_CM7_GCC.a(GUICC_8888_Index2Color.o)
                0x000000000800b64e                LCD_Index2Color_8888
 .text._Color2Index_8888
                0x000000000800b650        0x2 ../STemWinLib/Lib\libStemWin532_CM7_GCC.a(GUICC_8888.o)
 .text._GetIndexMask_8888
                0x000000000800b652        0x6 ../STemWinLib/Lib\libStemWin532_CM7_GCC.a(GUICC_8888.o)
 .text._Color2IndexBulk
                0x000000000800b658       0x10 ../STemWinLib/Lib\libStemWin532_CM7_GCC.a(GUICC_8888.o)
 .text._Index2ColorBulk
                0x000000000800b668       0x10 ../STemWinLib/Lib\libStemWin532_CM7_GCC.a(GUICC_8888.o)
 .text.WM__SendMessageNoPara
                0x000000000800b678       0x28 ../STemWinLib/Lib\libStemWin532_CM7_GCC.a(WM__SendMessageNoPara.o)
                0x000000000800b678                WM__SendMessageNoPara
 .text.WM__SendMessage
                0x000000000800b6a0       0x3c ../STemWinLib/Lib\libStemWin532_CM7_GCC.a(WM__SendMessage.o)
                0x000000000800b6a0                WM__SendMessage
 .text.WM__GetPrevSibling
                0x000000000800b6dc       0x26 ../STemWinLib/Lib\libStemWin532_CM7_GCC.a(WM__GetPrevSibling.o)
                0x000000000800b6dc                WM__GetPrevSibling
 .text.WM__GetFirstSibling
                0x000000000800b702       0x12 ../STemWinLib/Lib\libStemWin532_CM7_GCC.a(WM__GetFirstSibling.o)
                0x000000000800b702                WM__GetFirstSibling
 .text.WM_SetSize
                0x000000000800b714       0x48 ../STemWinLib/Lib\libStemWin532_CM7_GCC.a(WM_SetSize.o)
                0x000000000800b714                WM_SetSize
 .text.WM_SendToParent
                0x000000000800b75c       0x1c ../STemWinLib/Lib\libStemWin532_CM7_GCC.a(WM_SendToParent.o)
                0x000000000800b75c                WM_SendToParent
 .text.WM_OnKey
                0x000000000800b778       0x34 ../STemWinLib/Lib\libStemWin532_CM7_GCC.a(WM_OnKey.o)
                0x000000000800b778                WM_OnKey
 .text.WM_GetWindowOrgX
                0x000000000800b7ac       0x10 ../STemWinLib/Lib\libStemWin532_CM7_GCC.a(WM_GetOrg.o)
                0x000000000800b7ac                WM_GetWindowOrgX
 .text.WM__AddCriticalHandle
                0x000000000800b7bc       0x10 ../STemWinLib/Lib\libStemWin532_CM7_GCC.a(WM_CriticalHandle.o)
                0x000000000800b7bc                WM__AddCriticalHandle
 .text.WM_BringToBottom
                0x000000000800b7cc       0x86 ../STemWinLib/Lib\libStemWin532_CM7_GCC.a(WM_BringToBottom.o)
                0x000000000800b7cc                WM_BringToBottom
 .text._Convert16
                0x000000000800b852       0x3e ../STemWinLib/Lib\libStemWin532_CM7_GCC.a(GUIDEV_WriteToActiveOpaque.o)
 .text._Convert8
                0x000000000800b890       0x42 ../STemWinLib/Lib\libStemWin532_CM7_GCC.a(GUIDEV_WriteToActiveOpaque.o)
 *fill*         0x000000000800b8d2        0x2 
 .text.GUI_MEMDEV__WriteToActiveOpaque
                0x000000000800b8d4      0x724 ../STemWinLib/Lib\libStemWin532_CM7_GCC.a(GUIDEV_WriteToActiveOpaque.o)
                0x000000000800b8d4                GUI_MEMDEV__WriteToActiveOpaque
 .text.GUI_MEMDEV__WriteToActiveAlpha
                0x000000000800bff8      0x190 ../STemWinLib/Lib\libStemWin532_CM7_GCC.a(GUIDEV_WriteToActiveAlpha.o)
                0x000000000800bff8                GUI_MEMDEV__WriteToActiveAlpha
 .text.GUI_MEMDEV_WriteAt
                0x000000000800c188       0x60 ../STemWinLib/Lib\libStemWin532_CM7_GCC.a(GUIDEV_Write.o)
                0x000000000800c188                GUI_MEMDEV_WriteAt
 .text.GUI_MEMDEV_Write
                0x000000000800c1e8        0xc ../STemWinLib/Lib\libStemWin532_CM7_GCC.a(GUIDEV_Write.o)
                0x000000000800c1e8                GUI_MEMDEV_Write
 .text.GUI_USAGE_BM_AddPixel
                0x000000000800c1f4       0x2a ../STemWinLib/Lib\libStemWin532_CM7_GCC.a(GUIDEV_UsageBM.o)
 .text.GUI_USAGE_BM_GetNextDirty
                0x000000000800c21e       0x96 ../STemWinLib/Lib\libStemWin532_CM7_GCC.a(GUIDEV_UsageBM.o)
 .text._GUI_USAGE_BM_Delete
                0x000000000800c2b4        0x4 ../STemWinLib/Lib\libStemWin532_CM7_GCC.a(GUIDEV_UsageBM.o)
 .text.GUI_USAGE_BM_Clear
                0x000000000800c2b8       0x10 ../STemWinLib/Lib\libStemWin532_CM7_GCC.a(GUIDEV_UsageBM.o)
 .text.GUI_USAGE_BM_AddHLine
                0x000000000800c2c8       0x72 ../STemWinLib/Lib\libStemWin532_CM7_GCC.a(GUIDEV_UsageBM.o)
 *fill*         0x000000000800c33a        0x2 
 .text.GUI_USAGE_BM_Create
                0x000000000800c33c       0x58 ../STemWinLib/Lib\libStemWin532_CM7_GCC.a(GUIDEV_UsageBM.o)
                0x000000000800c33c                GUI_USAGE_BM_Create
 .text.GUI_USAGE_DecUseCnt
                0x000000000800c394       0x28 ../STemWinLib/Lib\libStemWin532_CM7_GCC.a(GUIDEV_Usage.o)
                0x000000000800c394                GUI_USAGE_DecUseCnt
 .text.GUI_USAGE_AddRect
                0x000000000800c3bc       0x2a ../STemWinLib/Lib\libStemWin532_CM7_GCC.a(GUIDEV_Usage.o)
                0x000000000800c3bc                GUI_USAGE_AddRect
 *fill*         0x000000000800c3e6        0x2 
 .text.GUI_MEMDEV_ReduceYSize
                0x000000000800c3e8       0x2c ../STemWinLib/Lib\libStemWin532_CM7_GCC.a(GUIDEV_ReduceYSize.o)
                0x000000000800c3e8                GUI_MEMDEV_ReduceYSize
 .text.GUI_MEMDEV_Clear
                0x000000000800c414       0x40 ../STemWinLib/Lib\libStemWin532_CM7_GCC.a(GUIDEV_Clear.o)
                0x000000000800c414                GUI_MEMDEV_Clear
 .text._GetDevData
                0x000000000800c454       0x10 ../STemWinLib/Lib\libStemWin532_CM7_GCC.a(GUIDEV_16.o)
 .text._GetDevFunc
                0x000000000800c464       0x10 ../STemWinLib/Lib\libStemWin532_CM7_GCC.a(GUIDEV_16.o)
 .text._SetOrg  0x000000000800c474        0xe ../STemWinLib/Lib\libStemWin532_CM7_GCC.a(GUIDEV_16.o)
 .text._GetDevProp
                0x000000000800c482       0x14 ../STemWinLib/Lib\libStemWin532_CM7_GCC.a(GUIDEV_16.o)
 .text._GetRect
                0x000000000800c496       0x32 ../STemWinLib/Lib\libStemWin532_CM7_GCC.a(GUIDEV_16.o)
 .text._XY2PTR  0x000000000800c4c8       0x40 ../STemWinLib/Lib\libStemWin532_CM7_GCC.a(GUIDEV_16.o)
 .text._GetPixelIndex
                0x000000000800c508        0xe ../STemWinLib/Lib\libStemWin532_CM7_GCC.a(GUIDEV_16.o)
 *fill*         0x000000000800c516        0x2 
 .text._XorPixel
                0x000000000800c518       0x58 ../STemWinLib/Lib\libStemWin532_CM7_GCC.a(GUIDEV_16.o)
 .text._SetPixelIndex
                0x000000000800c570       0x4c ../STemWinLib/Lib\libStemWin532_CM7_GCC.a(GUIDEV_16.o)
 .text._DrawVLine
                0x000000000800c5bc       0xbc ../STemWinLib/Lib\libStemWin532_CM7_GCC.a(GUIDEV_16.o)
 .text._FillRect
                0x000000000800c678       0xb4 ../STemWinLib/Lib\libStemWin532_CM7_GCC.a(GUIDEV_16.o)
 .text._DrawHLine
                0x000000000800c72c        0xe ../STemWinLib/Lib\libStemWin532_CM7_GCC.a(GUIDEV_16.o)
 *fill*         0x000000000800c73a        0x2 
 .text._DrawBitmap
                0x000000000800c73c      0x724 ../STemWinLib/Lib\libStemWin532_CM7_GCC.a(GUIDEV_16.o)
 .text.LCD_SelectLCD
                0x000000000800ce60       0x40 ../STemWinLib/Lib\libStemWin532_CM7_GCC.a(LCD_SelectLCD.o)
                0x000000000800ce60                LCD_SelectLCD
 .text.LCD_ReadRectEx
                0x000000000800cea0      0x1e8 ../STemWinLib/Lib\libStemWin532_CM7_GCC.a(LCD_ReadRect.o)
 .text.GUI_ReadRectEx
                0x000000000800d088       0x60 ../STemWinLib/Lib\libStemWin532_CM7_GCC.a(LCD_ReadRect.o)
                0x000000000800d088                GUI_ReadRectEx
 .text._OnExit  0x000000000800d0e8       0x14 ../STemWinLib/Lib\libStemWin532_CM7_GCC.a(LCD_Color.o)
 .text.LCD_InitColors
                0x000000000800d0fc       0x38 ../STemWinLib/Lib\libStemWin532_CM7_GCC.a(LCD_Color.o)
                0x000000000800d0fc                LCD_InitColors
 .text.LCD_InitLUT
                0x000000000800d134       0x7c ../STemWinLib/Lib\libStemWin532_CM7_GCC.a(LCD_Color.o)
                0x000000000800d134                LCD_InitLUT
 .text.LCD_AA_SetAndMask
                0x000000000800d1b0       0x10 ../STemWinLib/Lib\libStemWin532_CM7_GCC.a(LCD_AA.o)
                0x000000000800d1b0                LCD_AA_SetAndMask
 .text.GUI__SinHQ
                0x000000000800d1c0       0x84 ../STemWinLib/Lib\libStemWin532_CM7_GCC.a(GUI__SinHQ.o)
                0x000000000800d1c0                GUI__SinHQ
 .text.GUI__CosHQ
                0x000000000800d244        0xc ../STemWinLib/Lib\libStemWin532_CM7_GCC.a(GUI__SinHQ.o)