STMPE610.c:13:6:Init_TOUCH_GPIO	8	static
STMPE610.c:19:9:STMPE610_IsTouched	8	static
STMPE610.c:28:6:STMPE610_Write	32	static
STMPE610.c:38:9:STMPE610_ReadByte	40	static
STMPE610.c:49:10:STMPE610_ReadWord	40	static
STMPE610.c:62:6:STMPE610_Init	32	static
STMPE610.c:91:9:STMPE610_read_xyz	40	static
STMPE610.c:128:10:STMPE610_GetX_TOUCH	8	static
STMPE610.c:136:10:STMPE610_GetY_TOUCH	8	static
STMPE610.c:144:10:STMPE610_GetZ_TOUCH	0	static
STMPE610.c:153:10:STMPE610_GetX_TOUCH_RAW	0	static
STMPE610.c:157:10:STMPE610_GetY_TOUCH_RAW	0	static
STMPE610.c:161:10:STMPE610_GetZ_TOUCH_RAW	0	static
